******************************************************************************
             TMS320C2000 Linker PC v6.2.0                      
******************************************************************************
>> Linked Mon May 19 10:37:17 2014

OUTPUT FILE NAME:   <tms320_blink_led.out>
ENTRY POINT SYMBOL: "_c_int00"  address: 00008270


MEMORY CONFIGURATION

         name            origin    length      used     unused   attr    fill
----------------------  --------  ---------  --------  --------  ----  --------
PAGE 0:
  BEGIN                 00000000   00000002  00000002  00000000  RWIX
  RAMM0                 00000050   000003b0  00000035  0000037b  RWIX
  PRAML0                00008000   00000900  00000344  000005bc  RWIX
  IQTABLES              003fe000   00000b50  00000000  00000b50  RWIX
  IQTABLES2             003feb50   0000008c  00000000  0000008c  RWIX
  IQTABLES3             003febdc   000000aa  00000000  000000aa  RWIX
  BOOTROM               003ff27c   00000d44  00000000  00000d44  RWIX
  RESET                 003fffc0   00000002  00000000  00000002  RWIX

PAGE 1:
  BOOT_RSVD             00000002   0000004e  00000000  0000004e  RWIX
  RAMM1                 00000400   00000400  00000300  00000100  RWIX
  DEV_EMU               00000880   00000105  00000004  00000101  RWIX
  SYS_PWR_CTL           00000985   00000003  00000003  00000000  RWIX
  FLASH_REGS            00000a80   00000060  00000008  00000058  RWIX
  CSM                   00000ae0   00000010  00000010  00000000  RWIX
  ADC_RESULT            00000b00   00000020  00000020  00000000  RWIX
  CPU_TIMER0            00000c00   00000008  00000008  00000000  RWIX
  CPU_TIMER1            00000c08   00000008  00000008  00000000  RWIX
  CPU_TIMER2            00000c10   00000008  00000008  00000000  RWIX
  PIE_CTRL              00000ce0   00000020  0000001a  00000006  RWIX
  PIE_VECT              00000d00   00000100  00000100  00000000  RWIX
  COMP1                 00006400   00000020  00000011  0000000f  RWIX
  COMP2                 00006420   00000020  00000011  0000000f  RWIX
  EPWM1                 00006800   00000040  0000003a  00000006  RWIX
  EPWM2                 00006840   00000040  0000003a  00000006  RWIX
  EPWM3                 00006880   00000040  0000003a  00000006  RWIX
  EPWM4                 000068c0   00000040  0000003a  00000006  RWIX
  ECAP1                 00006a00   00000020  00000020  00000000  RWIX
  GPIOCTRL              00006f80   00000040  00000040  00000000  RWIX
  GPIODAT               00006fc0   00000020  00000020  00000000  RWIX
  GPIOINT               00006fe0   00000020  0000000a  00000016  RWIX
  SYSTEM                00007010   00000020  0000001f  00000001  RWIX
  SPIA                  00007040   00000010  00000010  00000000  RWIX
  SCIA                  00007050   00000010  00000010  00000000  RWIX
  NMIINTRUPT            00007060   00000010  00000010  00000000  RWIX
  XINTRUPT              00007070   00000010  00000010  00000000  RWIX
  ADC                   00007100   00000080  00000050  00000030  RWIX
  I2CA                  00007900   00000040  00000022  0000001e  RWIX
  DRAML0                00008900   00000700  00000108  000005f8  RWIX
  PARTID                003d7fff   00000001  00000001  00000000  RWIX
  CSM_PWL               003f7ff8   00000008  00000008  00000000  RWIX


SECTION ALLOCATION MAP

 output                                  attributes/
section   page    origin      length       input sections
--------  ----  ----------  ----------   ----------------
codestart 
*          0    00000000    00000002     
                  00000000    00000002     DSP2802x_CodeStartBranch.obj (codestart)

.pinit     0    00000050    00000000     UNINITIALIZED

ramfuncs   0    00000050    0000001f     
                  00000050    0000001b     DSP2802x_SysCtrl.obj (ramfuncs)
                  0000006b    00000004     DSP2802x_usDelay.obj (ramfuncs)

.cinit     0    0000006f    00000016     
                  0000006f    0000000a     rts2800_ml.lib : _lock.obj (.cinit)
                  00000079    0000000a                    : exit.obj (.cinit)
                  00000083    00000002     --HOLE-- [fill = 0]

.text      0    00008000    00000344     
                  00008000    0000012b     DSP2802x_SysCtrl.obj (.text)
                  0000812b    000000ff     DSP2802x_DefaultIsr.obj (.text:retain)
                  0000822a    00000046     main.obj (.text)
                  00008270    00000044     rts2800_ml.lib : boot.obj (.text)
                  000082b4    00000028     DSP2802x_PieCtrl.obj (.text)
                  000082dc    00000025     DSP2802x_PieVect.obj (.text)
                  00008301    00000019     rts2800_ml.lib : args_main.obj (.text)
                  0000831a    00000019                    : exit.obj (.text)
                  00008333    00000009                    : _lock.obj (.text)
                  0000833c    00000008     DSP2802x_CodeStartBranch.obj (.text)

.reset     0    003fffc0    00000002     DSECT
                  003fffc0    00000002     rts2800_ml.lib : boot.obj (.reset)

.stack     1    00000400    00000300     UNINITIALIZED
                  00000400    00000300     --HOLE--

DevEmuRegsFile 
*          1    00000880    00000004     UNINITIALIZED
                  00000880    00000004     DSP2802x_GlobalVariableDefs.obj (DevEmuRegsFile)

SysPwrCtrlRegsFile 
*          1    00000985    00000003     UNINITIALIZED
                  00000985    00000003     DSP2802x_GlobalVariableDefs.obj (SysPwrCtrlRegsFile)

FlashRegsFile 
*          1    00000a80    00000008     UNINITIALIZED
                  00000a80    00000008     DSP2802x_GlobalVariableDefs.obj (FlashRegsFile)

CsmRegsFile 
*          1    00000ae0    00000010     UNINITIALIZED
                  00000ae0    00000010     DSP2802x_GlobalVariableDefs.obj (CsmRegsFile)

AdcResultFile 
*          1    00000b00    00000020     UNINITIALIZED
                  00000b00    00000020     DSP2802x_GlobalVariableDefs.obj (AdcResultFile)

CpuTimer0RegsFile 
*          1    00000c00    00000008     UNINITIALIZED
                  00000c00    00000008     DSP2802x_GlobalVariableDefs.obj (CpuTimer0RegsFile)

CpuTimer1RegsFile 
*          1    00000c08    00000008     UNINITIALIZED
                  00000c08    00000008     DSP2802x_GlobalVariableDefs.obj (CpuTimer1RegsFile)

CpuTimer2RegsFile 
*          1    00000c10    00000008     UNINITIALIZED
                  00000c10    00000008     DSP2802x_GlobalVariableDefs.obj (CpuTimer2RegsFile)

PieCtrlRegsFile 
*          1    00000ce0    0000001a     UNINITIALIZED
                  00000ce0    0000001a     DSP2802x_GlobalVariableDefs.obj (PieCtrlRegsFile)

PieVectTableFile 
*          1    00000d00    00000100     UNINITIALIZED
                  00000d00    00000100     DSP2802x_GlobalVariableDefs.obj (PieVectTableFile)

EmuKeyVar 
*          1    00000d00    00000001     UNINITIALIZED
                  00000d00    00000001     DSP2802x_GlobalVariableDefs.obj (EmuKeyVar)

EmuBModeVar 
*          1    00000d01    00000001     UNINITIALIZED
                  00000d01    00000001     DSP2802x_GlobalVariableDefs.obj (EmuBModeVar)

FlashCallbackVar 
*          1    00000d02    00000002     UNINITIALIZED
                  00000d02    00000002     DSP2802x_GlobalVariableDefs.obj (FlashCallbackVar)

FlashScalingVar 
*          1    00000d04    00000002     UNINITIALIZED
                  00000d04    00000002     DSP2802x_GlobalVariableDefs.obj (FlashScalingVar)

Comp1RegsFile 
*          1    00006400    00000011     UNINITIALIZED
                  00006400    00000011     DSP2802x_GlobalVariableDefs.obj (Comp1RegsFile)

Comp2RegsFile 
*          1    00006420    00000011     UNINITIALIZED
                  00006420    00000011     DSP2802x_GlobalVariableDefs.obj (Comp2RegsFile)

EPwm1RegsFile 
*          1    00006800    0000003a     UNINITIALIZED
                  00006800    0000003a     DSP2802x_GlobalVariableDefs.obj (EPwm1RegsFile)

EPwm2RegsFile 
*          1    00006840    0000003a     UNINITIALIZED
                  00006840    0000003a     DSP2802x_GlobalVariableDefs.obj (EPwm2RegsFile)

EPwm3RegsFile 
*          1    00006880    0000003a     UNINITIALIZED
                  00006880    0000003a     DSP2802x_GlobalVariableDefs.obj (EPwm3RegsFile)

EPwm4RegsFile 
*          1    000068c0    0000003a     UNINITIALIZED
                  000068c0    0000003a     DSP2802x_GlobalVariableDefs.obj (EPwm4RegsFile)

ECap1RegsFile 
*          1    00006a00    00000020     UNINITIALIZED
                  00006a00    00000020     DSP2802x_GlobalVariableDefs.obj (ECap1RegsFile)

GpioCtrlRegsFile 
*          1    00006f80    00000040     UNINITIALIZED
                  00006f80    00000040     DSP2802x_GlobalVariableDefs.obj (GpioCtrlRegsFile)

GpioDataRegsFile 
*          1    00006fc0    00000020     UNINITIALIZED
                  00006fc0    00000020     DSP2802x_GlobalVariableDefs.obj (GpioDataRegsFile)

GpioIntRegsFile 
*          1    00006fe0    0000000a     UNINITIALIZED
                  00006fe0    0000000a     DSP2802x_GlobalVariableDefs.obj (GpioIntRegsFile)

SysCtrlRegsFile 
*          1    00007010    0000001f     UNINITIALIZED
                  00007010    0000001f     DSP2802x_GlobalVariableDefs.obj (SysCtrlRegsFile)

SpiaRegsFile 
*          1    00007040    00000010     UNINITIALIZED
                  00007040    00000010     DSP2802x_GlobalVariableDefs.obj (SpiaRegsFile)

SciaRegsFile 
*          1    00007050    00000010     UNINITIALIZED
                  00007050    00000010     DSP2802x_GlobalVariableDefs.obj (SciaRegsFile)

NmiIntruptRegsFile 
*          1    00007060    00000010     UNINITIALIZED
                  00007060    00000010     DSP2802x_GlobalVariableDefs.obj (NmiIntruptRegsFile)

XIntruptRegsFile 
*          1    00007070    00000010     UNINITIALIZED
                  00007070    00000010     DSP2802x_GlobalVariableDefs.obj (XIntruptRegsFile)

AdcRegsFile 
*          1    00007100    00000050     UNINITIALIZED
                  00007100    00000050     DSP2802x_GlobalVariableDefs.obj (AdcRegsFile)

I2caRegsFile 
*          1    00007900    00000022     UNINITIALIZED
                  00007900    00000022     DSP2802x_GlobalVariableDefs.obj (I2caRegsFile)

.econst    1    00008900    00000100     
                  00008900    00000100     DSP2802x_PieVect.obj (.econst)

.ebss      1    00008a00    00000008     UNINITIALIZED
                  00008a00    00000004     rts2800_ml.lib : _lock.obj (.ebss)
                  00008a04    00000004                    : exit.obj (.ebss)

PartIdRegsFile 
*          1    003d7fff    00000001     UNINITIALIZED
                  003d7fff    00000001     DSP2802x_GlobalVariableDefs.obj (PartIdRegsFile)

CsmPwlFile 
*          1    003f7ff8    00000008     UNINITIALIZED
                  003f7ff8    00000008     DSP2802x_GlobalVariableDefs.obj (CsmPwlFile)


GLOBAL DATA SYMBOLS: SORTED BY DATA PAGE

address     data page           name
--------    ----------------    ----
00000400      10 (00000400)     __stack

00000880      22 (00000880)     _DevEmuRegs

00000985      26 (00000980)     _SysPwrCtrlRegs

00000a80      2a (00000a80)     _FlashRegs

00000ae0      2b (00000ac0)     _CsmRegs

00000b00      2c (00000b00)     _AdcResult

00000c00      30 (00000c00)     _CpuTimer0Regs
00000c08      30 (00000c00)     _CpuTimer1Regs
00000c10      30 (00000c00)     _CpuTimer2Regs

00000ce0      33 (00000cc0)     _PieCtrlRegs

00000d00      34 (00000d00)     _EmuKey
00000d00      34 (00000d00)     _PieVectTable
00000d01      34 (00000d00)     _EmuBMode
00000d02      34 (00000d00)     _Flash_CallbackPtr
00000d04      34 (00000d00)     _Flash_CPUScaleFactor

00006400     190 (00006400)     _Comp1Regs
00006420     190 (00006400)     _Comp2Regs

00006800     1a0 (00006800)     _EPwm1Regs

00006840     1a1 (00006840)     _EPwm2Regs

00006880     1a2 (00006880)     _EPwm3Regs

000068c0     1a3 (000068c0)     _EPwm4Regs

00006a00     1a8 (00006a00)     _ECap1Regs

00006f80     1be (00006f80)     _GpioCtrlRegs

00006fc0     1bf (00006fc0)     _GpioDataRegs
00006fe0     1bf (00006fc0)     _GpioIntRegs

00007010     1c0 (00007000)     _SysCtrlRegs

00007040     1c1 (00007040)     _SpiaRegs
00007050     1c1 (00007040)     _SciaRegs
00007060     1c1 (00007040)     _NmiIntruptRegs
00007070     1c1 (00007040)     _XIntruptRegs

00007100     1c4 (00007100)     _AdcRegs

00007900     1e4 (00007900)     _I2caRegs

00008900     224 (00008900)     _PieVectTableInit

00008a00     228 (00008a00)     __unlock
00008a02     228 (00008a00)     __lock
00008a04     228 (00008a00)     ___TI_cleanup_ptr
00008a06     228 (00008a00)     ___TI_dtors_ptr

003d7fff    f5ff (003d7fc0)     _PartIdRegs

003f7ff8    fdff (003f7fc0)     _CsmPwl


GLOBAL SYMBOLS: SORTED ALPHABETICALLY BY Name 

address    name
--------   ----
00008000   .text
0000831a   C$$EXIT
0000818a   _ADCINT1_ISR
0000818f   _ADCINT2_ISR
000081f8   _ADCINT3_ISR
000081fd   _ADCINT4_ISR
00008202   _ADCINT5_ISR
00008207   _ADCINT6_ISR
0000820c   _ADCINT7_ISR
00008211   _ADCINT8_ISR
0000819e   _ADCINT9_ISR
00007100   _AdcRegs
00000b00   _AdcResult
00006400   _Comp1Regs
00006420   _Comp2Regs
00000c00   _CpuTimer0Regs
00000c08   _CpuTimer1Regs
00000c10   _CpuTimer2Regs
003f7ff8   _CsmPwl
00000ae0   _CsmRegs
000080ae   _CsmUnlock
00008135   _DATALOG_ISR
0000006b   _DSP28x_usDelay
00000880   _DevEmuRegs
00008024   _DisableDog
000081d5   _ECAP1_INT_ISR
00006a00   _ECap1Regs
0000821b   _EMPTY_ISR
0000813f   _EMUINT_ISR
000081c1   _EPWM1_INT_ISR
000081ad   _EPWM1_TZINT_ISR
000081c6   _EPWM2_INT_ISR
000081b2   _EPWM2_TZINT_ISR
000081cb   _EPWM3_INT_ISR
000081b7   _EPWM3_TZINT_ISR
000081d0   _EPWM4_INT_ISR
000081bc   _EPWM4_TZINT_ISR
00006800   _EPwm1Regs
00006840   _EPwm2Regs
00006880   _EPwm3Regs
000068c0   _EPwm4Regs
00000d01   _EmuBMode
00000d00   _EmuKey
000082d3   _EnableInterrupts
00008115   _ExtOscSel
00000a80   _FlashRegs
00000d04   _Flash_CPUScaleFactor
00000d02   _Flash_CallbackPtr
00006f80   _GpioCtrlRegs
00006fc0   _GpioDataRegs
00006fe0   _GpioIntRegs
0000825d   _Gpio_select
000081e4   _I2CINT1A_ISR
000081e9   _I2CINT2A_ISR
00007900   _I2caRegs
00008149   _ILLEGAL_ISR
0000812b   _INT13_ISR
00008130   _INT14_ISR
00000050   _InitFlash
0000807c   _InitPeripheralClocks
000082b4   _InitPieCtrl
000082dc   _InitPieVectTable
0000802c   _InitPll
00008000   _InitSysCtrl
000080df   _IntOsc1Sel
000080ef   _IntOsc2Sel
00008144   _NMI_ISR
00007060   _NmiIntruptRegs
00008220   _PIE_RESERVED
003d7fff   _PartIdRegs
00000ce0   _PieCtrlRegs
00000d00   _PieVectTable
00008900   _PieVectTableInit
0000813a   _RTOSINT_ISR
000081ee   _SCIRXINTA_ISR
000081f3   _SCITXINTA_ISR
000081da   _SPIRXINTA_ISR
000081df   _SPITXINTA_ISR
00007050   _SciaRegs
0000801a   _ServiceDog
00007040   _SpiaRegs
00007010   _SysCtrlRegs
00000985   _SysPwrCtrlRegs
000081a3   _TINT0_ISR
0000817b   _USER10_ISR
00008180   _USER11_ISR
00008185   _USER12_ISR
0000814e   _USER1_ISR
00008153   _USER2_ISR
00008158   _USER3_ISR
0000815d   _USER4_ISR
00008162   _USER5_ISR
00008167   _USER6_ISR
0000816c   _USER7_ISR
00008171   _USER8_ISR
00008176   _USER9_ISR
000081a8   _WAKEINT_ISR
00008194   _XINT1_ISR
00008199   _XINT2_ISR
00008216   _XINT3_ISR
00007070   _XIntruptRegs
00008101   _XtalOscSel
00000700   __STACK_END
00000300   __STACK_SIZE
00000001   __TI_args_main
00008a04   ___TI_cleanup_ptr
00008a06   ___TI_dtors_ptr
ffffffff   ___binit__
ffffffff   ___c_args__
0000006f   ___cinit__
00008344   ___etext__
ffffffff   ___pinit__
00008000   ___text__
00008301   __args_main
00008a02   __lock
0000833b   __nop
00008337   __register_lock
00008333   __register_unlock
00000400   __stack
00008a00   __unlock
0000831a   _abort
00008270   _c_int00
00008251   _delay_loop
0000831c   _exit
0000822a   _main
00008225   _rsvd_ISR
ffffffff   binit
0000006f   cinit
00000000   code_start
00008344   etext
ffffffff   pinit


GLOBAL SYMBOLS: SORTED BY Symbol Address 

address    name
--------   ----
00000000   code_start
00000001   __TI_args_main
00000050   _InitFlash
0000006b   _DSP28x_usDelay
0000006f   ___cinit__
0000006f   cinit
00000300   __STACK_SIZE
00000400   __stack
00000700   __STACK_END
00000880   _DevEmuRegs
00000985   _SysPwrCtrlRegs
00000a80   _FlashRegs
00000ae0   _CsmRegs
00000b00   _AdcResult
00000c00   _CpuTimer0Regs
00000c08   _CpuTimer1Regs
00000c10   _CpuTimer2Regs
00000ce0   _PieCtrlRegs
00000d00   _EmuKey
00000d00   _PieVectTable
00000d01   _EmuBMode
00000d02   _Flash_CallbackPtr
00000d04   _Flash_CPUScaleFactor
00006400   _Comp1Regs
00006420   _Comp2Regs
00006800   _EPwm1Regs
00006840   _EPwm2Regs
00006880   _EPwm3Regs
000068c0   _EPwm4Regs
00006a00   _ECap1Regs
00006f80   _GpioCtrlRegs
00006fc0   _GpioDataRegs
00006fe0   _GpioIntRegs
00007010   _SysCtrlRegs
00007040   _SpiaRegs
00007050   _SciaRegs
00007060   _NmiIntruptRegs
00007070   _XIntruptRegs
00007100   _AdcRegs
00007900   _I2caRegs
00008000   .text
00008000   _InitSysCtrl
00008000   ___text__
0000801a   _ServiceDog
00008024   _DisableDog
0000802c   _InitPll
0000807c   _InitPeripheralClocks
000080ae   _CsmUnlock
000080df   _IntOsc1Sel
000080ef   _IntOsc2Sel
00008101   _XtalOscSel
00008115   _ExtOscSel
0000812b   _INT13_ISR
00008130   _INT14_ISR
00008135   _DATALOG_ISR
0000813a   _RTOSINT_ISR
0000813f   _EMUINT_ISR
00008144   _NMI_ISR
00008149   _ILLEGAL_ISR
0000814e   _USER1_ISR
00008153   _USER2_ISR
00008158   _USER3_ISR
0000815d   _USER4_ISR
00008162   _USER5_ISR
00008167   _USER6_ISR
0000816c   _USER7_ISR
00008171   _USER8_ISR
00008176   _USER9_ISR
0000817b   _USER10_ISR
00008180   _USER11_ISR
00008185   _USER12_ISR
0000818a   _ADCINT1_ISR
0000818f   _ADCINT2_ISR
00008194   _XINT1_ISR
00008199   _XINT2_ISR
0000819e   _ADCINT9_ISR
000081a3   _TINT0_ISR
000081a8   _WAKEINT_ISR
000081ad   _EPWM1_TZINT_ISR
000081b2   _EPWM2_TZINT_ISR
000081b7   _EPWM3_TZINT_ISR
000081bc   _EPWM4_TZINT_ISR
000081c1   _EPWM1_INT_ISR
000081c6   _EPWM2_INT_ISR
000081cb   _EPWM3_INT_ISR
000081d0   _EPWM4_INT_ISR
000081d5   _ECAP1_INT_ISR
000081da   _SPIRXINTA_ISR
000081df   _SPITXINTA_ISR
000081e4   _I2CINT1A_ISR
000081e9   _I2CINT2A_ISR
000081ee   _SCIRXINTA_ISR
000081f3   _SCITXINTA_ISR
000081f8   _ADCINT3_ISR
000081fd   _ADCINT4_ISR
00008202   _ADCINT5_ISR
00008207   _ADCINT6_ISR
0000820c   _ADCINT7_ISR
00008211   _ADCINT8_ISR
00008216   _XINT3_ISR
0000821b   _EMPTY_ISR
00008220   _PIE_RESERVED
00008225   _rsvd_ISR
0000822a   _main
00008251   _delay_loop
0000825d   _Gpio_select
00008270   _c_int00
000082b4   _InitPieCtrl
000082d3   _EnableInterrupts
000082dc   _InitPieVectTable
00008301   __args_main
0000831a   C$$EXIT
0000831a   _abort
0000831c   _exit
00008333   __register_unlock
00008337   __register_lock
0000833b   __nop
00008344   ___etext__
00008344   etext
00008900   _PieVectTableInit
00008a00   __unlock
00008a02   __lock
00008a04   ___TI_cleanup_ptr
00008a06   ___TI_dtors_ptr
003d7fff   _PartIdRegs
003f7ff8   _CsmPwl
ffffffff   ___binit__
ffffffff   ___c_args__
ffffffff   ___pinit__
ffffffff   binit
ffffffff   pinit

[131 symbols]
