<?xml version="1.0"?>
<link_info>
   <banner>TMS320C2000 Linker PC v6.2.5</banner>
   <copyright>Copyright (c) 1996-2014 Texas Instruments Incorporated</copyright>
   <link_time>0x5415dde1</link_time>
   <link_errors>0x0</link_errors>
   <output_file>tms320_spi.out</output_file>
   <entry_point>
      <name>_c_int00</name>
      <address>0x82f0</address>
   </entry_point>
   <input_file_list>
      <input_file id="fl-2">
         <path>.\</path>
         <kind>object</kind>
         <file>DSP2802x_CodeStartBranch.obj</file>
         <name>DSP2802x_CodeStartBranch.obj</name>
      </input_file>
      <input_file id="fl-3">
         <path>.\</path>
         <kind>object</kind>
         <file>DSP2802x_DefaultIsr.obj</file>
         <name>DSP2802x_DefaultIsr.obj</name>
      </input_file>
      <input_file id="fl-4">
         <path>.\</path>
         <kind>object</kind>
         <file>DSP2802x_EPwm.obj</file>
         <name>DSP2802x_EPwm.obj</name>
      </input_file>
      <input_file id="fl-5">
         <path>.\</path>
         <kind>object</kind>
         <file>DSP2802x_GlobalVariableDefs.obj</file>
         <name>DSP2802x_GlobalVariableDefs.obj</name>
      </input_file>
      <input_file id="fl-6">
         <path>.\</path>
         <kind>object</kind>
         <file>DSP2802x_PieCtrl.obj</file>
         <name>DSP2802x_PieCtrl.obj</name>
      </input_file>
      <input_file id="fl-7">
         <path>.\</path>
         <kind>object</kind>
         <file>DSP2802x_PieVect.obj</file>
         <name>DSP2802x_PieVect.obj</name>
      </input_file>
      <input_file id="fl-8">
         <path>.\</path>
         <kind>object</kind>
         <file>DSP2802x_SysCtrl.obj</file>
         <name>DSP2802x_SysCtrl.obj</name>
      </input_file>
      <input_file id="fl-9">
         <path>.\</path>
         <kind>object</kind>
         <file>DSP2802x_usDelay.obj</file>
         <name>DSP2802x_usDelay.obj</name>
      </input_file>
      <input_file id="fl-a">
         <path>.\</path>
         <kind>object</kind>
         <file>main.obj</file>
         <name>main.obj</name>
      </input_file>
      <input_file id="fl-b">
         <path>.\inc\</path>
         <kind>object</kind>
         <file>DSP2802x_CpuTimers.obj</file>
         <name>DSP2802x_CpuTimers.obj</name>
      </input_file>
      <input_file id="fl-1b">
         <path>c:\ti\ccsv6\tools\compiler\c2000_6.2.5\lib\</path>
         <kind>archive</kind>
         <file>rts2800_ml.lib</file>
         <name>boot.obj</name>
      </input_file>
      <input_file id="fl-1c">
         <path>c:\ti\ccsv6\tools\compiler\c2000_6.2.5\lib\</path>
         <kind>archive</kind>
         <file>rts2800_ml.lib</file>
         <name>exit.obj</name>
      </input_file>
      <input_file id="fl-1d">
         <path>c:\ti\ccsv6\tools\compiler\c2000_6.2.5\lib\</path>
         <kind>archive</kind>
         <file>rts2800_ml.lib</file>
         <name>fs_mpy.obj</name>
      </input_file>
      <input_file id="fl-1e">
         <path>c:\ti\ccsv6\tools\compiler\c2000_6.2.5\lib\</path>
         <kind>archive</kind>
         <file>rts2800_ml.lib</file>
         <name>fs_tol.obj</name>
      </input_file>
      <input_file id="fl-1f">
         <path>c:\ti\ccsv6\tools\compiler\c2000_6.2.5\lib\</path>
         <kind>archive</kind>
         <file>rts2800_ml.lib</file>
         <name>_lock.obj</name>
      </input_file>
      <input_file id="fl-20">
         <path>c:\ti\ccsv6\tools\compiler\c2000_6.2.5\lib\</path>
         <kind>archive</kind>
         <file>rts2800_ml.lib</file>
         <name>args_main.obj</name>
      </input_file>
   </input_file_list>
   <object_component_list>
      <object_component id="oc-34">
         <name>codestart</name>
         <load_address>0x0</load_address>
         <run_address>0x0</run_address>
         <size>0x2</size>
         <input_file_ref idref="fl-2"/>
      </object_component>
      <object_component id="oc-71">
         <name>ramfuncs</name>
         <load_address>0x6a</load_address>
         <run_address>0x6a</run_address>
         <size>0x4</size>
         <input_file_ref idref="fl-9"/>
      </object_component>
      <object_component id="oc-a1">
         <name>.text</name>
         <load_address>0x8000</load_address>
         <run_address>0x8000</run_address>
         <size>0x12f</size>
         <input_file_ref idref="fl-8"/>
      </object_component>
      <object_component id="oc-39">
         <name>.text:retain</name>
         <load_address>0x812f</load_address>
         <run_address>0x812f</run_address>
         <size>0xff</size>
         <input_file_ref idref="fl-3"/>
      </object_component>
      <object_component id="oc-a0">
         <name>.text</name>
         <load_address>0x822e</load_address>
         <run_address>0x822e</run_address>
         <size>0x68</size>
         <input_file_ref idref="fl-a"/>
      </object_component>
      <object_component id="oc-8b">
         <name>.text</name>
         <load_address>0x8296</load_address>
         <run_address>0x8296</run_address>
         <size>0x5a</size>
         <input_file_ref idref="fl-1d"/>
      </object_component>
      <object_component id="oc-32">
         <name>.text</name>
         <load_address>0x82f0</load_address>
         <run_address>0x82f0</run_address>
         <size>0x44</size>
         <input_file_ref idref="fl-1b"/>
      </object_component>
      <object_component id="oc-8f">
         <name>.text</name>
         <load_address>0x8334</load_address>
         <run_address>0x8334</run_address>
         <size>0x29</size>
         <input_file_ref idref="fl-1e"/>
      </object_component>
      <object_component id="oc-a2">
         <name>.text</name>
         <load_address>0x835d</load_address>
         <run_address>0x835d</run_address>
         <size>0x28</size>
         <input_file_ref idref="fl-6"/>
      </object_component>
      <object_component id="oc-a3">
         <name>.text</name>
         <load_address>0x8385</load_address>
         <run_address>0x8385</run_address>
         <size>0x25</size>
         <input_file_ref idref="fl-7"/>
      </object_component>
      <object_component id="oc-9d">
         <name>.text</name>
         <load_address>0x83aa</load_address>
         <run_address>0x83aa</run_address>
         <size>0x19</size>
         <input_file_ref idref="fl-20"/>
      </object_component>
      <object_component id="oc-9e">
         <name>.text</name>
         <load_address>0x83c3</load_address>
         <run_address>0x83c3</run_address>
         <size>0x19</size>
         <input_file_ref idref="fl-1c"/>
      </object_component>
      <object_component id="oc-9f">
         <name>.text</name>
         <load_address>0x83dc</load_address>
         <run_address>0x83dc</run_address>
         <size>0x9</size>
         <input_file_ref idref="fl-1f"/>
      </object_component>
      <object_component id="oc-33">
         <name>.text</name>
         <load_address>0x83e5</load_address>
         <run_address>0x83e5</run_address>
         <size>0x8</size>
         <input_file_ref idref="fl-2"/>
      </object_component>
      <object_component id="oc-94">
         <name>.cinit</name>
         <load_address>0x50</load_address>
         <run_address>0x50</run_address>
         <size>0xa</size>
         <input_file_ref idref="fl-1f"/>
      </object_component>
      <object_component id="oc-86">
         <name>.cinit</name>
         <load_address>0x5a</load_address>
         <run_address>0x5a</run_address>
         <size>0xa</size>
         <input_file_ref idref="fl-1c"/>
      </object_component>
      <object_component id="oc-76">
         <name>.cinit</name>
         <load_address>0x64</load_address>
         <run_address>0x64</run_address>
         <size>0x4</size>
         <input_file_ref idref="fl-a"/>
      </object_component>
      <object_component id="oc-81">
         <name>.reset</name>
         <load_address>0x3fffc0</load_address>
         <run_address>0x3fffc0</run_address>
         <size>0x2</size>
         <input_file_ref idref="fl-1b"/>
      </object_component>
      <object_component id="oc-80">
         <name>.stack</name>
         <uninitialized>true</uninitialized>
         <run_address>0x400</run_address>
         <size>0x0</size>
         <input_file_ref idref="fl-1b"/>
      </object_component>
      <object_component id="oc-db">
         <name>.stack</name>
         <uninitialized>true</uninitialized>
         <run_address>0x400</run_address>
         <size>0x0</size>
      </object_component>
      <object_component id="oc-77">
         <name>.ebss</name>
         <uninitialized>true</uninitialized>
         <run_address>0x8a20</run_address>
         <size>0x1</size>
         <input_file_ref idref="fl-a"/>
      </object_component>
      <object_component id="oc-7c">
         <name>.ebss</name>
         <uninitialized>true</uninitialized>
         <run_address>0x8a00</run_address>
         <size>0x18</size>
         <input_file_ref idref="fl-b"/>
      </object_component>
      <object_component id="oc-87">
         <name>.ebss</name>
         <uninitialized>true</uninitialized>
         <run_address>0x8a1c</run_address>
         <size>0x4</size>
         <input_file_ref idref="fl-1c"/>
      </object_component>
      <object_component id="oc-95">
         <name>.ebss</name>
         <uninitialized>true</uninitialized>
         <run_address>0x8a18</run_address>
         <size>0x4</size>
         <input_file_ref idref="fl-1f"/>
      </object_component>
      <object_component id="oc-69">
         <name>.econst</name>
         <load_address>0x8900</load_address>
         <run_address>0x8900</run_address>
         <size>0x100</size>
         <input_file_ref idref="fl-7"/>
      </object_component>
      <object_component id="oc-62">
         <name>PieVectTableFile</name>
         <uninitialized>true</uninitialized>
         <run_address>0xd00</run_address>
         <size>0x100</size>
         <input_file_ref idref="fl-5"/>
      </object_component>
      <object_component id="oc-42">
         <name>EmuKeyVar</name>
         <uninitialized>true</uninitialized>
         <run_address>0xd00</run_address>
         <size>0x1</size>
         <input_file_ref idref="fl-5"/>
      </object_component>
      <object_component id="oc-44">
         <name>EmuBModeVar</name>
         <uninitialized>true</uninitialized>
         <run_address>0xd01</run_address>
         <size>0x1</size>
         <input_file_ref idref="fl-5"/>
      </object_component>
      <object_component id="oc-46">
         <name>FlashCallbackVar</name>
         <uninitialized>true</uninitialized>
         <run_address>0xd02</run_address>
         <size>0x2</size>
         <input_file_ref idref="fl-5"/>
      </object_component>
      <object_component id="oc-45">
         <name>FlashScalingVar</name>
         <uninitialized>true</uninitialized>
         <run_address>0xd04</run_address>
         <size>0x2</size>
         <input_file_ref idref="fl-5"/>
      </object_component>
      <object_component id="oc-48">
         <name>DevEmuRegsFile</name>
         <uninitialized>true</uninitialized>
         <run_address>0x880</run_address>
         <size>0x4</size>
         <input_file_ref idref="fl-5"/>
      </object_component>
      <object_component id="oc-47">
         <name>SysPwrCtrlRegsFile</name>
         <uninitialized>true</uninitialized>
         <run_address>0x985</run_address>
         <size>0x3</size>
         <input_file_ref idref="fl-5"/>
      </object_component>
      <object_component id="oc-49">
         <name>FlashRegsFile</name>
         <uninitialized>true</uninitialized>
         <run_address>0xa80</run_address>
         <size>0x8</size>
         <input_file_ref idref="fl-5"/>
      </object_component>
      <object_component id="oc-52">
         <name>CsmRegsFile</name>
         <uninitialized>true</uninitialized>
         <run_address>0xae0</run_address>
         <size>0x10</size>
         <input_file_ref idref="fl-5"/>
      </object_component>
      <object_component id="oc-5a">
         <name>AdcResultFile</name>
         <uninitialized>true</uninitialized>
         <run_address>0xb00</run_address>
         <size>0x20</size>
         <input_file_ref idref="fl-5"/>
      </object_component>
      <object_component id="oc-4a">
         <name>CpuTimer0RegsFile</name>
         <uninitialized>true</uninitialized>
         <run_address>0xc00</run_address>
         <size>0x8</size>
         <input_file_ref idref="fl-5"/>
      </object_component>
      <object_component id="oc-4b">
         <name>CpuTimer1RegsFile</name>
         <uninitialized>true</uninitialized>
         <run_address>0xc08</run_address>
         <size>0x8</size>
         <input_file_ref idref="fl-5"/>
      </object_component>
      <object_component id="oc-4c">
         <name>CpuTimer2RegsFile</name>
         <uninitialized>true</uninitialized>
         <run_address>0xc10</run_address>
         <size>0x8</size>
         <input_file_ref idref="fl-5"/>
      </object_component>
      <object_component id="oc-56">
         <name>PieCtrlRegsFile</name>
         <uninitialized>true</uninitialized>
         <run_address>0xce0</run_address>
         <size>0x1a</size>
         <input_file_ref idref="fl-5"/>
      </object_component>
      <object_component id="oc-59">
         <name>ECap1RegsFile</name>
         <uninitialized>true</uninitialized>
         <run_address>0x6a00</run_address>
         <size>0x20</size>
         <input_file_ref idref="fl-5"/>
      </object_component>
      <object_component id="oc-60">
         <name>GpioCtrlRegsFile</name>
         <uninitialized>true</uninitialized>
         <run_address>0x6f80</run_address>
         <size>0x40</size>
         <input_file_ref idref="fl-5"/>
      </object_component>
      <object_component id="oc-58">
         <name>GpioDataRegsFile</name>
         <uninitialized>true</uninitialized>
         <run_address>0x6fc0</run_address>
         <size>0x20</size>
         <input_file_ref idref="fl-5"/>
      </object_component>
      <object_component id="oc-4e">
         <name>GpioIntRegsFile</name>
         <uninitialized>true</uninitialized>
         <run_address>0x6fe0</run_address>
         <size>0xa</size>
         <input_file_ref idref="fl-5"/>
      </object_component>
      <object_component id="oc-57">
         <name>SysCtrlRegsFile</name>
         <uninitialized>true</uninitialized>
         <run_address>0x7010</run_address>
         <size>0x1f</size>
         <input_file_ref idref="fl-5"/>
      </object_component>
      <object_component id="oc-4f">
         <name>SpiaRegsFile</name>
         <uninitialized>true</uninitialized>
         <run_address>0x7040</run_address>
         <size>0x10</size>
         <input_file_ref idref="fl-5"/>
      </object_component>
      <object_component id="oc-50">
         <name>SciaRegsFile</name>
         <uninitialized>true</uninitialized>
         <run_address>0x7050</run_address>
         <size>0x10</size>
         <input_file_ref idref="fl-5"/>
      </object_component>
      <object_component id="oc-51">
         <name>NmiIntruptRegsFile</name>
         <uninitialized>true</uninitialized>
         <run_address>0x7060</run_address>
         <size>0x10</size>
         <input_file_ref idref="fl-5"/>
      </object_component>
      <object_component id="oc-53">
         <name>XIntruptRegsFile</name>
         <uninitialized>true</uninitialized>
         <run_address>0x7070</run_address>
         <size>0x10</size>
         <input_file_ref idref="fl-5"/>
      </object_component>
      <object_component id="oc-61">
         <name>AdcRegsFile</name>
         <uninitialized>true</uninitialized>
         <run_address>0x7100</run_address>
         <size>0x50</size>
         <input_file_ref idref="fl-5"/>
      </object_component>
      <object_component id="oc-5b">
         <name>I2caRegsFile</name>
         <uninitialized>true</uninitialized>
         <run_address>0x7900</run_address>
         <size>0x22</size>
         <input_file_ref idref="fl-5"/>
      </object_component>
      <object_component id="oc-55">
         <name>Comp1RegsFile</name>
         <uninitialized>true</uninitialized>
         <run_address>0x6400</run_address>
         <size>0x11</size>
         <input_file_ref idref="fl-5"/>
      </object_component>
      <object_component id="oc-54">
         <name>Comp2RegsFile</name>
         <uninitialized>true</uninitialized>
         <run_address>0x6420</run_address>
         <size>0x11</size>
         <input_file_ref idref="fl-5"/>
      </object_component>
      <object_component id="oc-5f">
         <name>EPwm1RegsFile</name>
         <uninitialized>true</uninitialized>
         <run_address>0x6800</run_address>
         <size>0x3a</size>
         <input_file_ref idref="fl-5"/>
      </object_component>
      <object_component id="oc-5d">
         <name>EPwm2RegsFile</name>
         <uninitialized>true</uninitialized>
         <run_address>0x6840</run_address>
         <size>0x3a</size>
         <input_file_ref idref="fl-5"/>
      </object_component>
      <object_component id="oc-5c">
         <name>EPwm3RegsFile</name>
         <uninitialized>true</uninitialized>
         <run_address>0x6880</run_address>
         <size>0x3a</size>
         <input_file_ref idref="fl-5"/>
      </object_component>
      <object_component id="oc-5e">
         <name>EPwm4RegsFile</name>
         <uninitialized>true</uninitialized>
         <run_address>0x68c0</run_address>
         <size>0x3a</size>
         <input_file_ref idref="fl-5"/>
      </object_component>
      <object_component id="oc-4d">
         <name>CsmPwlFile</name>
         <uninitialized>true</uninitialized>
         <run_address>0x3f7ff8</run_address>
         <size>0x8</size>
         <input_file_ref idref="fl-5"/>
      </object_component>
      <object_component id="oc-43">
         <name>PartIdRegsFile</name>
         <uninitialized>true</uninitialized>
         <run_address>0x3d7fff</run_address>
         <size>0x1</size>
         <input_file_ref idref="fl-5"/>
      </object_component>
      <object_component id="oc-35">
         <name>.debug_info</name>
         <load_address>0x0</load_address>
         <run_address>0x0</run_address>
         <size>0x123</size>
         <input_file_ref idref="fl-2"/>
      </object_component>
      <object_component id="oc-38">
         <name>.debug_info</name>
         <load_address>0x123</load_address>
         <run_address>0x123</run_address>
         <size>0x1506</size>
         <input_file_ref idref="fl-3"/>
      </object_component>
      <object_component id="oc-3d">
         <name>.debug_info</name>
         <load_address>0x1629</load_address>
         <run_address>0x1629</run_address>
         <size>0x131c</size>
         <input_file_ref idref="fl-4"/>
      </object_component>
      <object_component id="oc-41">
         <name>.debug_info</name>
         <load_address>0x2945</load_address>
         <run_address>0x2945</run_address>
         <size>0xab26</size>
         <input_file_ref idref="fl-5"/>
      </object_component>
      <object_component id="oc-64">
         <name>.debug_info</name>
         <load_address>0xd46b</load_address>
         <run_address>0xd46b</run_address>
         <size>0xa6a</size>
         <input_file_ref idref="fl-6"/>
      </object_component>
      <object_component id="oc-68">
         <name>.debug_info</name>
         <load_address>0xded5</load_address>
         <run_address>0xded5</run_address>
         <size>0x1e58</size>
         <input_file_ref idref="fl-7"/>
      </object_component>
      <object_component id="oc-6d">
         <name>.debug_info</name>
         <load_address>0xfd2d</load_address>
         <run_address>0xfd2d</run_address>
         <size>0x2d3a</size>
         <input_file_ref idref="fl-8"/>
      </object_component>
      <object_component id="oc-72">
         <name>.debug_info</name>
         <load_address>0x12a67</load_address>
         <run_address>0x12a67</run_address>
         <size>0xe6</size>
         <input_file_ref idref="fl-9"/>
      </object_component>
      <object_component id="oc-75">
         <name>.debug_info</name>
         <load_address>0x12b4d</load_address>
         <run_address>0x12b4d</run_address>
         <size>0x1d2c</size>
         <input_file_ref idref="fl-a"/>
      </object_component>
      <object_component id="oc-7b">
         <name>.debug_info</name>
         <load_address>0x14879</load_address>
         <run_address>0x14879</run_address>
         <size>0x762</size>
         <input_file_ref idref="fl-b"/>
      </object_component>
      <object_component id="oc-82">
         <name>.debug_info</name>
         <load_address>0x14fdb</load_address>
         <run_address>0x14fdb</run_address>
         <size>0xde</size>
         <input_file_ref idref="fl-1b"/>
      </object_component>
      <object_component id="oc-85">
         <name>.debug_info</name>
         <load_address>0x150b9</load_address>
         <run_address>0x150b9</run_address>
         <size>0x3d6</size>
         <input_file_ref idref="fl-1c"/>
      </object_component>
      <object_component id="oc-8c">
         <name>.debug_info</name>
         <load_address>0x1548f</load_address>
         <run_address>0x1548f</run_address>
         <size>0xc0</size>
         <input_file_ref idref="fl-1d"/>
      </object_component>
      <object_component id="oc-90">
         <name>.debug_info</name>
         <load_address>0x1554f</load_address>
         <run_address>0x1554f</run_address>
         <size>0xcc</size>
         <input_file_ref idref="fl-1e"/>
      </object_component>
      <object_component id="oc-93">
         <name>.debug_info</name>
         <load_address>0x1561b</load_address>
         <run_address>0x1561b</run_address>
         <size>0x3fc</size>
         <input_file_ref idref="fl-1f"/>
      </object_component>
      <object_component id="oc-99">
         <name>.debug_info</name>
         <load_address>0x15a17</load_address>
         <run_address>0x15a17</run_address>
         <size>0x3bd</size>
         <input_file_ref idref="fl-20"/>
      </object_component>
      <object_component id="oc-dc">
         <name>.debug_info</name>
         <load_address>0x15dd4</load_address>
         <run_address>0x15dd4</run_address>
         <size>0x6f</size>
      </object_component>
      <object_component id="oc-36">
         <name>.debug_line</name>
         <load_address>0x0</load_address>
         <run_address>0x0</run_address>
         <size>0x5e</size>
         <input_file_ref idref="fl-2"/>
      </object_component>
      <object_component id="oc-3b">
         <name>.debug_line</name>
         <load_address>0x5e</load_address>
         <run_address>0x5e</run_address>
         <size>0x4bc</size>
         <input_file_ref idref="fl-3"/>
      </object_component>
      <object_component id="oc-3f">
         <name>.debug_line</name>
         <load_address>0x51a</load_address>
         <run_address>0x51a</run_address>
         <size>0x30</size>
         <input_file_ref idref="fl-4"/>
      </object_component>
      <object_component id="oc-66">
         <name>.debug_line</name>
         <load_address>0x54a</load_address>
         <run_address>0x54a</run_address>
         <size>0x83</size>
         <input_file_ref idref="fl-6"/>
      </object_component>
      <object_component id="oc-6b">
         <name>.debug_line</name>
         <load_address>0x5cd</load_address>
         <run_address>0x5cd</run_address>
         <size>0x67</size>
         <input_file_ref idref="fl-7"/>
      </object_component>
      <object_component id="oc-6f">
         <name>.debug_line</name>
         <load_address>0x634</load_address>
         <run_address>0x634</run_address>
         <size>0x1bb</size>
         <input_file_ref idref="fl-8"/>
      </object_component>
      <object_component id="oc-73">
         <name>.debug_line</name>
         <load_address>0x7ef</load_address>
         <run_address>0x7ef</run_address>
         <size>0x45</size>
         <input_file_ref idref="fl-9"/>
      </object_component>
      <object_component id="oc-79">
         <name>.debug_line</name>
         <load_address>0x834</load_address>
         <run_address>0x834</run_address>
         <size>0xbd</size>
         <input_file_ref idref="fl-a"/>
      </object_component>
      <object_component id="oc-7e">
         <name>.debug_line</name>
         <load_address>0x8f1</load_address>
         <run_address>0x8f1</run_address>
         <size>0x39</size>
         <input_file_ref idref="fl-b"/>
      </object_component>
      <object_component id="oc-83">
         <name>.debug_line</name>
         <load_address>0x92a</load_address>
         <run_address>0x92a</run_address>
         <size>0x70</size>
         <input_file_ref idref="fl-1b"/>
      </object_component>
      <object_component id="oc-89">
         <name>.debug_line</name>
         <load_address>0x99a</load_address>
         <run_address>0x99a</run_address>
         <size>0x5a</size>
         <input_file_ref idref="fl-1c"/>
      </object_component>
      <object_component id="oc-8d">
         <name>.debug_line</name>
         <load_address>0x9f4</load_address>
         <run_address>0x9f4</run_address>
         <size>0x8a</size>
         <input_file_ref idref="fl-1d"/>
      </object_component>
      <object_component id="oc-91">
         <name>.debug_line</name>
         <load_address>0xa7e</load_address>
         <run_address>0xa7e</run_address>
         <size>0x5d</size>
         <input_file_ref idref="fl-1e"/>
      </object_component>
      <object_component id="oc-97">
         <name>.debug_line</name>
         <load_address>0xadb</load_address>
         <run_address>0xadb</run_address>
         <size>0x5b</size>
         <input_file_ref idref="fl-1f"/>
      </object_component>
      <object_component id="oc-9b">
         <name>.debug_line</name>
         <load_address>0xb36</load_address>
         <run_address>0xb36</run_address>
         <size>0x56</size>
         <input_file_ref idref="fl-20"/>
      </object_component>
      <object_component id="oc-37">
         <name>.debug_abbrev</name>
         <load_address>0x0</load_address>
         <run_address>0x0</run_address>
         <size>0x20</size>
         <input_file_ref idref="fl-2"/>
      </object_component>
      <object_component id="oc-3c">
         <name>.debug_abbrev</name>
         <load_address>0x20</load_address>
         <run_address>0x20</run_address>
         <size>0xd5</size>
         <input_file_ref idref="fl-3"/>
      </object_component>
      <object_component id="oc-40">
         <name>.debug_abbrev</name>
         <load_address>0xf5</load_address>
         <run_address>0xf5</run_address>
         <size>0xdb</size>
         <input_file_ref idref="fl-4"/>
      </object_component>
      <object_component id="oc-63">
         <name>.debug_abbrev</name>
         <load_address>0x1d0</load_address>
         <run_address>0x1d0</run_address>
         <size>0xb3</size>
         <input_file_ref idref="fl-5"/>
      </object_component>
      <object_component id="oc-67">
         <name>.debug_abbrev</name>
         <load_address>0x283</load_address>
         <run_address>0x283</run_address>
         <size>0xbb</size>
         <input_file_ref idref="fl-6"/>
      </object_component>
      <object_component id="oc-6c">
         <name>.debug_abbrev</name>
         <load_address>0x33e</load_address>
         <run_address>0x33e</run_address>
         <size>0x107</size>
         <input_file_ref idref="fl-7"/>
      </object_component>
      <object_component id="oc-70">
         <name>.debug_abbrev</name>
         <load_address>0x445</load_address>
         <run_address>0x445</run_address>
         <size>0x18c</size>
         <input_file_ref idref="fl-8"/>
      </object_component>
      <object_component id="oc-74">
         <name>.debug_abbrev</name>
         <load_address>0x5d1</load_address>
         <run_address>0x5d1</run_address>
         <size>0x2c</size>
         <input_file_ref idref="fl-9"/>
      </object_component>
      <object_component id="oc-7a">
         <name>.debug_abbrev</name>
         <load_address>0x5fd</load_address>
         <run_address>0x5fd</run_address>
         <size>0x133</size>
         <input_file_ref idref="fl-a"/>
      </object_component>
      <object_component id="oc-7f">
         <name>.debug_abbrev</name>
         <load_address>0x730</load_address>
         <run_address>0x730</run_address>
         <size>0xfe</size>
         <input_file_ref idref="fl-b"/>
      </object_component>
      <object_component id="oc-84">
         <name>.debug_abbrev</name>
         <load_address>0x82e</load_address>
         <run_address>0x82e</run_address>
         <size>0x43</size>
         <input_file_ref idref="fl-1b"/>
      </object_component>
      <object_component id="oc-8a">
         <name>.debug_abbrev</name>
         <load_address>0x871</load_address>
         <run_address>0x871</run_address>
         <size>0x10c</size>
         <input_file_ref idref="fl-1c"/>
      </object_component>
      <object_component id="oc-8e">
         <name>.debug_abbrev</name>
         <load_address>0x97d</load_address>
         <run_address>0x97d</run_address>
         <size>0x35</size>
         <input_file_ref idref="fl-1d"/>
      </object_component>
      <object_component id="oc-92">
         <name>.debug_abbrev</name>
         <load_address>0x9b2</load_address>
         <run_address>0x9b2</run_address>
         <size>0x35</size>
         <input_file_ref idref="fl-1e"/>
      </object_component>
      <object_component id="oc-98">
         <name>.debug_abbrev</name>
         <load_address>0x9e7</load_address>
         <run_address>0x9e7</run_address>
         <size>0xa9</size>
         <input_file_ref idref="fl-1f"/>
      </object_component>
      <object_component id="oc-9c">
         <name>.debug_abbrev</name>
         <load_address>0xa90</load_address>
         <run_address>0xa90</run_address>
         <size>0xed</size>
         <input_file_ref idref="fl-20"/>
      </object_component>
      <object_component id="oc-dd">
         <name>.debug_abbrev</name>
         <load_address>0xb7d</load_address>
         <run_address>0xb7d</run_address>
         <size>0xd</size>
      </object_component>
      <object_component id="oc-3a">
         <name>.debug_frame</name>
         <load_address>0x0</load_address>
         <run_address>0x0</run_address>
         <size>0x52c</size>
         <input_file_ref idref="fl-3"/>
      </object_component>
      <object_component id="oc-3e">
         <name>.debug_frame</name>
         <load_address>0x52c</load_address>
         <run_address>0x52c</run_address>
         <size>0x64</size>
         <input_file_ref idref="fl-4"/>
      </object_component>
      <object_component id="oc-65">
         <name>.debug_frame</name>
         <load_address>0x590</load_address>
         <run_address>0x590</run_address>
         <size>0x94</size>
         <input_file_ref idref="fl-6"/>
      </object_component>
      <object_component id="oc-6a">
         <name>.debug_frame</name>
         <load_address>0x624</load_address>
         <run_address>0x624</run_address>
         <size>0x82</size>
         <input_file_ref idref="fl-7"/>
      </object_component>
      <object_component id="oc-6e">
         <name>.debug_frame</name>
         <load_address>0x6a6</load_address>
         <run_address>0x6a6</run_address>
         <size>0x161</size>
         <input_file_ref idref="fl-8"/>
      </object_component>
      <object_component id="oc-78">
         <name>.debug_frame</name>
         <load_address>0x807</load_address>
         <run_address>0x807</run_address>
         <size>0xc4</size>
         <input_file_ref idref="fl-a"/>
      </object_component>
      <object_component id="oc-7d">
         <name>.debug_frame</name>
         <load_address>0x8cb</load_address>
         <run_address>0x8cb</run_address>
         <size>0x64</size>
         <input_file_ref idref="fl-b"/>
      </object_component>
      <object_component id="oc-88">
         <name>.debug_frame</name>
         <load_address>0x92f</load_address>
         <run_address>0x92f</run_address>
         <size>0x9d</size>
         <input_file_ref idref="fl-1c"/>
      </object_component>
      <object_component id="oc-96">
         <name>.debug_frame</name>
         <load_address>0x9cc</load_address>
         <run_address>0x9cc</run_address>
         <size>0xac</size>
         <input_file_ref idref="fl-1f"/>
      </object_component>
      <object_component id="oc-9a">
         <name>.debug_frame</name>
         <load_address>0xa78</load_address>
         <run_address>0xa78</run_address>
         <size>0x7c</size>
         <input_file_ref idref="fl-20"/>
      </object_component>
   </object_component_list>
   <logical_group_list>
      <logical_group id="lg-2" display="no" color="cyan">
         <name>codestart</name>
         <load_address>0x0</load_address>
         <run_address>0x0</run_address>
         <size>0x2</size>
         <contents>
            <object_component_ref idref="oc-34"/>
         </contents>
      </logical_group>
      <logical_group id="lg-3" display="no" color="cyan">
         <name>ramfuncs</name>
         <load_address>0x6a</load_address>
         <run_address>0x6a</run_address>
         <size>0x4</size>
         <contents>
            <object_component_ref idref="oc-71"/>
         </contents>
      </logical_group>
      <logical_group id="lg-4" display="no" color="cyan">
         <name>.text</name>
         <load_address>0x8000</load_address>
         <run_address>0x8000</run_address>
         <size>0x3ed</size>
         <contents>
            <object_component_ref idref="oc-a1"/>
            <object_component_ref idref="oc-39"/>
            <object_component_ref idref="oc-a0"/>
            <object_component_ref idref="oc-8b"/>
            <object_component_ref idref="oc-32"/>
            <object_component_ref idref="oc-8f"/>
            <object_component_ref idref="oc-a2"/>
            <object_component_ref idref="oc-a3"/>
            <object_component_ref idref="oc-9d"/>
            <object_component_ref idref="oc-9e"/>
            <object_component_ref idref="oc-9f"/>
            <object_component_ref idref="oc-33"/>
         </contents>
      </logical_group>
      <logical_group id="lg-5" display="no" color="cyan">
         <name>.cinit</name>
         <load_address>0x50</load_address>
         <run_address>0x50</run_address>
         <size>0x1a</size>
         <contents>
            <object_component_ref idref="oc-94"/>
            <object_component_ref idref="oc-86"/>
            <object_component_ref idref="oc-76"/>
         </contents>
      </logical_group>
      <logical_group id="lg-6" display="no" color="cyan">
         <name>.pinit</name>
         <run_address>0x0</run_address>
         <size>0x0</size>
         <contents>
         </contents>
      </logical_group>
      <logical_group id="lg-7" display="no" color="cyan">
         <name>.switch</name>
         <run_address>0x0</run_address>
         <size>0x0</size>
         <contents>
         </contents>
      </logical_group>
      <logical_group id="lg-8" display="no" color="cyan">
         <name>.reset</name>
         <load_address>0x3fffc0</load_address>
         <run_address>0x3fffc0</run_address>
         <size>0x2</size>
         <contents>
            <object_component_ref idref="oc-81"/>
         </contents>
      </logical_group>
      <logical_group id="lg-9" display="no" color="cyan">
         <name>.stack</name>
         <run_address>0x400</run_address>
         <size>0x300</size>
         <contents>
            <object_component_ref idref="oc-80"/>
            <object_component_ref idref="oc-db"/>
         </contents>
      </logical_group>
      <logical_group id="lg-a" display="no" color="cyan">
         <name>.ebss</name>
         <run_address>0x8a00</run_address>
         <size>0x21</size>
         <contents>
            <object_component_ref idref="oc-77"/>
            <object_component_ref idref="oc-7c"/>
            <object_component_ref idref="oc-87"/>
            <object_component_ref idref="oc-95"/>
         </contents>
      </logical_group>
      <logical_group id="lg-b" display="no" color="cyan">
         <name>.econst</name>
         <load_address>0x8900</load_address>
         <run_address>0x8900</run_address>
         <size>0x100</size>
         <contents>
            <object_component_ref idref="oc-69"/>
         </contents>
      </logical_group>
      <logical_group id="lg-c" display="no" color="cyan">
         <name>.esysmem</name>
         <run_address>0x0</run_address>
         <size>0x0</size>
         <contents>
         </contents>
      </logical_group>
      <logical_group id="lg-d" display="no" color="cyan">
         <name>IQmath</name>
         <run_address>0x0</run_address>
         <size>0x0</size>
         <contents>
         </contents>
      </logical_group>
      <logical_group id="lg-e" display="no" color="cyan">
         <name>IQmathTables</name>
         <run_address>0x0</run_address>
         <size>0x0</size>
         <contents>
         </contents>
      </logical_group>
      <logical_group id="lg-10" display="no" color="cyan">
         <name>PieVectTableFile</name>
         <run_address>0xd00</run_address>
         <size>0x100</size>
         <contents>
            <object_component_ref idref="oc-62"/>
         </contents>
      </logical_group>
      <logical_group id="lg-12" display="no" color="cyan">
         <name>EmuKeyVar</name>
         <run_address>0xd00</run_address>
         <size>0x1</size>
         <contents>
            <object_component_ref idref="oc-42"/>
         </contents>
      </logical_group>
      <logical_group id="lg-13" display="no" color="cyan">
         <name>EmuBModeVar</name>
         <run_address>0xd01</run_address>
         <size>0x1</size>
         <contents>
            <object_component_ref idref="oc-44"/>
         </contents>
      </logical_group>
      <logical_group id="lg-14" display="no" color="cyan">
         <name>FlashCallbackVar</name>
         <run_address>0xd02</run_address>
         <size>0x2</size>
         <contents>
            <object_component_ref idref="oc-46"/>
         </contents>
      </logical_group>
      <logical_group id="lg-15" display="no" color="cyan">
         <name>FlashScalingVar</name>
         <run_address>0xd04</run_address>
         <size>0x2</size>
         <contents>
            <object_component_ref idref="oc-45"/>
         </contents>
      </logical_group>
      <logical_group id="lg-11" display="no" color="cyan">
         <name>GROUP_2</name>
         <run_address>0xd00</run_address>
         <size>0x6</size>
         <contents>
            <logical_group_ref idref="lg-12"/>
            <logical_group_ref idref="lg-13"/>
            <logical_group_ref idref="lg-14"/>
            <logical_group_ref idref="lg-15"/>
         </contents>
      </logical_group>
      <overlay id="lg-f" display="no" color="cyan">
         <name>UNION_1</name>
         <run_address>0xd00</run_address>
         <size>0x100</size>
         <contents>
            <logical_group_ref idref="lg-10"/>
            <logical_group_ref idref="lg-11"/>
         </contents>
      </overlay>
      <logical_group id="lg-16" display="no" color="cyan">
         <name>DevEmuRegsFile</name>
         <run_address>0x880</run_address>
         <size>0x4</size>
         <contents>
            <object_component_ref idref="oc-48"/>
         </contents>
      </logical_group>
      <logical_group id="lg-17" display="no" color="cyan">
         <name>SysPwrCtrlRegsFile</name>
         <run_address>0x985</run_address>
         <size>0x3</size>
         <contents>
            <object_component_ref idref="oc-47"/>
         </contents>
      </logical_group>
      <logical_group id="lg-18" display="no" color="cyan">
         <name>FlashRegsFile</name>
         <run_address>0xa80</run_address>
         <size>0x8</size>
         <contents>
            <object_component_ref idref="oc-49"/>
         </contents>
      </logical_group>
      <logical_group id="lg-19" display="no" color="cyan">
         <name>CsmRegsFile</name>
         <run_address>0xae0</run_address>
         <size>0x10</size>
         <contents>
            <object_component_ref idref="oc-52"/>
         </contents>
      </logical_group>
      <logical_group id="lg-1a" display="no" color="cyan">
         <name>AdcResultFile</name>
         <run_address>0xb00</run_address>
         <size>0x20</size>
         <contents>
            <object_component_ref idref="oc-5a"/>
         </contents>
      </logical_group>
      <logical_group id="lg-1b" display="no" color="cyan">
         <name>CpuTimer0RegsFile</name>
         <run_address>0xc00</run_address>
         <size>0x8</size>
         <contents>
            <object_component_ref idref="oc-4a"/>
         </contents>
      </logical_group>
      <logical_group id="lg-1c" display="no" color="cyan">
         <name>CpuTimer1RegsFile</name>
         <run_address>0xc08</run_address>
         <size>0x8</size>
         <contents>
            <object_component_ref idref="oc-4b"/>
         </contents>
      </logical_group>
      <logical_group id="lg-1d" display="no" color="cyan">
         <name>CpuTimer2RegsFile</name>
         <run_address>0xc10</run_address>
         <size>0x8</size>
         <contents>
            <object_component_ref idref="oc-4c"/>
         </contents>
      </logical_group>
      <logical_group id="lg-1e" display="no" color="cyan">
         <name>PieCtrlRegsFile</name>
         <run_address>0xce0</run_address>
         <size>0x1a</size>
         <contents>
            <object_component_ref idref="oc-56"/>
         </contents>
      </logical_group>
      <logical_group id="lg-1f" display="no" color="cyan">
         <name>ECap1RegsFile</name>
         <run_address>0x6a00</run_address>
         <size>0x20</size>
         <contents>
            <object_component_ref idref="oc-59"/>
         </contents>
      </logical_group>
      <logical_group id="lg-20" display="no" color="cyan">
         <name>GpioCtrlRegsFile</name>
         <run_address>0x6f80</run_address>
         <size>0x40</size>
         <contents>
            <object_component_ref idref="oc-60"/>
         </contents>
      </logical_group>
      <logical_group id="lg-21" display="no" color="cyan">
         <name>GpioDataRegsFile</name>
         <run_address>0x6fc0</run_address>
         <size>0x20</size>
         <contents>
            <object_component_ref idref="oc-58"/>
         </contents>
      </logical_group>
      <logical_group id="lg-22" display="no" color="cyan">
         <name>GpioIntRegsFile</name>
         <run_address>0x6fe0</run_address>
         <size>0xa</size>
         <contents>
            <object_component_ref idref="oc-4e"/>
         </contents>
      </logical_group>
      <logical_group id="lg-23" display="no" color="cyan">
         <name>SysCtrlRegsFile</name>
         <run_address>0x7010</run_address>
         <size>0x1f</size>
         <contents>
            <object_component_ref idref="oc-57"/>
         </contents>
      </logical_group>
      <logical_group id="lg-24" display="no" color="cyan">
         <name>SpiaRegsFile</name>
         <run_address>0x7040</run_address>
         <size>0x10</size>
         <contents>
            <object_component_ref idref="oc-4f"/>
         </contents>
      </logical_group>
      <logical_group id="lg-25" display="no" color="cyan">
         <name>SciaRegsFile</name>
         <run_address>0x7050</run_address>
         <size>0x10</size>
         <contents>
            <object_component_ref idref="oc-50"/>
         </contents>
      </logical_group>
      <logical_group id="lg-26" display="no" color="cyan">
         <name>NmiIntruptRegsFile</name>
         <run_address>0x7060</run_address>
         <size>0x10</size>
         <contents>
            <object_component_ref idref="oc-51"/>
         </contents>
      </logical_group>
      <logical_group id="lg-27" display="no" color="cyan">
         <name>XIntruptRegsFile</name>
         <run_address>0x7070</run_address>
         <size>0x10</size>
         <contents>
            <object_component_ref idref="oc-53"/>
         </contents>
      </logical_group>
      <logical_group id="lg-28" display="no" color="cyan">
         <name>AdcRegsFile</name>
         <run_address>0x7100</run_address>
         <size>0x50</size>
         <contents>
            <object_component_ref idref="oc-61"/>
         </contents>
      </logical_group>
      <logical_group id="lg-29" display="no" color="cyan">
         <name>I2caRegsFile</name>
         <run_address>0x7900</run_address>
         <size>0x22</size>
         <contents>
            <object_component_ref idref="oc-5b"/>
         </contents>
      </logical_group>
      <logical_group id="lg-2a" display="no" color="cyan">
         <name>Comp1RegsFile</name>
         <run_address>0x6400</run_address>
         <size>0x11</size>
         <contents>
            <object_component_ref idref="oc-55"/>
         </contents>
      </logical_group>
      <logical_group id="lg-2b" display="no" color="cyan">
         <name>Comp2RegsFile</name>
         <run_address>0x6420</run_address>
         <size>0x11</size>
         <contents>
            <object_component_ref idref="oc-54"/>
         </contents>
      </logical_group>
      <logical_group id="lg-2c" display="no" color="cyan">
         <name>EPwm1RegsFile</name>
         <run_address>0x6800</run_address>
         <size>0x3a</size>
         <contents>
            <object_component_ref idref="oc-5f"/>
         </contents>
      </logical_group>
      <logical_group id="lg-2d" display="no" color="cyan">
         <name>EPwm2RegsFile</name>
         <run_address>0x6840</run_address>
         <size>0x3a</size>
         <contents>
            <object_component_ref idref="oc-5d"/>
         </contents>
      </logical_group>
      <logical_group id="lg-2e" display="no" color="cyan">
         <name>EPwm3RegsFile</name>
         <run_address>0x6880</run_address>
         <size>0x3a</size>
         <contents>
            <object_component_ref idref="oc-5c"/>
         </contents>
      </logical_group>
      <logical_group id="lg-2f" display="no" color="cyan">
         <name>EPwm4RegsFile</name>
         <run_address>0x68c0</run_address>
         <size>0x3a</size>
         <contents>
            <object_component_ref idref="oc-5e"/>
         </contents>
      </logical_group>
      <logical_group id="lg-30" display="no" color="cyan">
         <name>CsmPwlFile</name>
         <run_address>0x3f7ff8</run_address>
         <size>0x8</size>
         <contents>
            <object_component_ref idref="oc-4d"/>
         </contents>
      </logical_group>
      <logical_group id="lg-31" display="no" color="cyan">
         <name>PartIdRegsFile</name>
         <run_address>0x3d7fff</run_address>
         <size>0x1</size>
         <contents>
            <object_component_ref idref="oc-43"/>
         </contents>
      </logical_group>
      <logical_group id="lg-d2" display="never" color="cyan">
         <name>.debug_info</name>
         <load_address>0x0</load_address>
         <run_address>0x0</run_address>
         <size>0x15e43</size>
         <contents>
            <object_component_ref idref="oc-35"/>
            <object_component_ref idref="oc-38"/>
            <object_component_ref idref="oc-3d"/>
            <object_component_ref idref="oc-41"/>
            <object_component_ref idref="oc-64"/>
            <object_component_ref idref="oc-68"/>
            <object_component_ref idref="oc-6d"/>
            <object_component_ref idref="oc-72"/>
            <object_component_ref idref="oc-75"/>
            <object_component_ref idref="oc-7b"/>
            <object_component_ref idref="oc-82"/>
            <object_component_ref idref="oc-85"/>
            <object_component_ref idref="oc-8c"/>
            <object_component_ref idref="oc-90"/>
            <object_component_ref idref="oc-93"/>
            <object_component_ref idref="oc-99"/>
            <object_component_ref idref="oc-dc"/>
         </contents>
      </logical_group>
      <logical_group id="lg-d4" display="never" color="cyan">
         <name>.debug_line</name>
         <load_address>0x0</load_address>
         <run_address>0x0</run_address>
         <size>0xb8c</size>
         <contents>
            <object_component_ref idref="oc-36"/>
            <object_component_ref idref="oc-3b"/>
            <object_component_ref idref="oc-3f"/>
            <object_component_ref idref="oc-66"/>
            <object_component_ref idref="oc-6b"/>
            <object_component_ref idref="oc-6f"/>
            <object_component_ref idref="oc-73"/>
            <object_component_ref idref="oc-79"/>
            <object_component_ref idref="oc-7e"/>
            <object_component_ref idref="oc-83"/>
            <object_component_ref idref="oc-89"/>
            <object_component_ref idref="oc-8d"/>
            <object_component_ref idref="oc-91"/>
            <object_component_ref idref="oc-97"/>
            <object_component_ref idref="oc-9b"/>
         </contents>
      </logical_group>
      <logical_group id="lg-d6" display="never" color="cyan">
         <name>.debug_abbrev</name>
         <load_address>0x0</load_address>
         <run_address>0x0</run_address>
         <size>0xb8a</size>
         <contents>
            <object_component_ref idref="oc-37"/>
            <object_component_ref idref="oc-3c"/>
            <object_component_ref idref="oc-40"/>
            <object_component_ref idref="oc-63"/>
            <object_component_ref idref="oc-67"/>
            <object_component_ref idref="oc-6c"/>
            <object_component_ref idref="oc-70"/>
            <object_component_ref idref="oc-74"/>
            <object_component_ref idref="oc-7a"/>
            <object_component_ref idref="oc-7f"/>
            <object_component_ref idref="oc-84"/>
            <object_component_ref idref="oc-8a"/>
            <object_component_ref idref="oc-8e"/>
            <object_component_ref idref="oc-92"/>
            <object_component_ref idref="oc-98"/>
            <object_component_ref idref="oc-9c"/>
            <object_component_ref idref="oc-dd"/>
         </contents>
      </logical_group>
      <logical_group id="lg-d8" display="never" color="cyan">
         <name>.debug_frame</name>
         <load_address>0x0</load_address>
         <run_address>0x0</run_address>
         <size>0xaf4</size>
         <contents>
            <object_component_ref idref="oc-3a"/>
            <object_component_ref idref="oc-3e"/>
            <object_component_ref idref="oc-65"/>
            <object_component_ref idref="oc-6a"/>
            <object_component_ref idref="oc-6e"/>
            <object_component_ref idref="oc-78"/>
            <object_component_ref idref="oc-7d"/>
            <object_component_ref idref="oc-88"/>
            <object_component_ref idref="oc-96"/>
            <object_component_ref idref="oc-9a"/>
         </contents>
      </logical_group>
   </logical_group_list>
   <placement_map>
      <memory_area display="no" color="green">
         <name>BEGIN</name>
         <page_id>0x0</page_id>
         <origin>0x0</origin>
         <length>0x2</length>
         <used_space>0x2</used_space>
         <unused_space>0x0</unused_space>
         <attributes>RWIX</attributes>
         <usage_details>
            <allocated_space>
               <start_address>0x0</start_address>
               <size>0x2</size>
               <logical_group_ref idref="lg-2"/>
            </allocated_space>
         </usage_details>
      </memory_area>
      <memory_area display="yes" color="green">
         <name>RAMM0</name>
         <page_id>0x0</page_id>
         <origin>0x50</origin>
         <length>0x3b0</length>
         <used_space>0x1e</used_space>
         <unused_space>0x392</unused_space>
         <attributes>RWIX</attributes>
         <usage_details>
            <allocated_space>
               <start_address>0x50</start_address>
               <size>0x1a</size>
               <logical_group_ref idref="lg-5"/>
            </allocated_space>
            <allocated_space>
               <start_address>0x6a</start_address>
               <size>0x4</size>
               <logical_group_ref idref="lg-3"/>
            </allocated_space>
            <available_space>
               <start_address>0x6e</start_address>
               <size>0x392</size>
            </available_space>
         </usage_details>
      </memory_area>
      <memory_area display="yes" color="green">
         <name>PRAML0</name>
         <page_id>0x0</page_id>
         <origin>0x8000</origin>
         <length>0x900</length>
         <used_space>0x3ed</used_space>
         <unused_space>0x513</unused_space>
         <attributes>RWIX</attributes>
         <usage_details>
            <allocated_space>
               <start_address>0x8000</start_address>
               <size>0x3ed</size>
               <logical_group_ref idref="lg-4"/>
            </allocated_space>
            <available_space>
               <start_address>0x83ed</start_address>
               <size>0x513</size>
            </available_space>
         </usage_details>
      </memory_area>
      <memory_area display="yes" color="green">
         <name>IQTABLES</name>
         <page_id>0x0</page_id>
         <origin>0x3fe000</origin>
         <length>0xb50</length>
         <used_space>0x0</used_space>
         <unused_space>0xb50</unused_space>
         <attributes>RWIX</attributes>
         <usage_details>
         </usage_details>
      </memory_area>
      <memory_area display="yes" color="green">
         <name>IQTABLES2</name>
         <page_id>0x0</page_id>
         <origin>0x3feb50</origin>
         <length>0x8c</length>
         <used_space>0x0</used_space>
         <unused_space>0x8c</unused_space>
         <attributes>RWIX</attributes>
         <usage_details>
         </usage_details>
      </memory_area>
      <memory_area display="yes" color="green">
         <name>IQTABLES3</name>
         <page_id>0x0</page_id>
         <origin>0x3febdc</origin>
         <length>0xaa</length>
         <used_space>0x0</used_space>
         <unused_space>0xaa</unused_space>
         <attributes>RWIX</attributes>
         <usage_details>
         </usage_details>
      </memory_area>
      <memory_area display="yes" color="green">
         <name>BOOTROM</name>
         <page_id>0x0</page_id>
         <origin>0x3ff27c</origin>
         <length>0xd44</length>
         <used_space>0x0</used_space>
         <unused_space>0xd44</unused_space>
         <attributes>RWIX</attributes>
         <usage_details>
         </usage_details>
      </memory_area>
      <memory_area display="no" color="green">
         <name>RESET</name>
         <page_id>0x0</page_id>
         <origin>0x3fffc0</origin>
         <length>0x2</length>
         <used_space>0x0</used_space>
         <unused_space>0x2</unused_space>
         <attributes>RWIX</attributes>
         <usage_details>
         </usage_details>
      </memory_area>
      <memory_area display="no" color="green">
         <name>BOOT_RSVD</name>
         <page_id>0x1</page_id>
         <origin>0x2</origin>
         <length>0x4e</length>
         <used_space>0x0</used_space>
         <unused_space>0x4e</unused_space>
         <attributes>RWIX</attributes>
         <usage_details>
         </usage_details>
      </memory_area>
      <memory_area display="yes" color="green">
         <name>RAMM1</name>
         <page_id>0x1</page_id>
         <origin>0x400</origin>
         <length>0x400</length>
         <used_space>0x300</used_space>
         <unused_space>0x100</unused_space>
         <attributes>RWIX</attributes>
         <usage_details>
            <allocated_space>
               <start_address>0x400</start_address>
               <size>0x300</size>
               <logical_group_ref idref="lg-9"/>
            </allocated_space>
            <available_space>
               <start_address>0x700</start_address>
               <size>0x100</size>
            </available_space>
         </usage_details>
      </memory_area>
      <memory_area display="yes" color="green">
         <name>DEV_EMU</name>
         <page_id>0x1</page_id>
         <origin>0x880</origin>
         <length>0x105</length>
         <used_space>0x4</used_space>
         <unused_space>0x101</unused_space>
         <attributes>RWIX</attributes>
         <usage_details>
            <allocated_space>
               <start_address>0x880</start_address>
               <size>0x4</size>
               <logical_group_ref idref="lg-16"/>
            </allocated_space>
            <available_space>
               <start_address>0x884</start_address>
               <size>0x101</size>
            </available_space>
         </usage_details>
      </memory_area>
      <memory_area display="no" color="green">
         <name>SYS_PWR_CTL</name>
         <page_id>0x1</page_id>
         <origin>0x985</origin>
         <length>0x3</length>
         <used_space>0x3</used_space>
         <unused_space>0x0</unused_space>
         <attributes>RWIX</attributes>
         <usage_details>
            <allocated_space>
               <start_address>0x985</start_address>
               <size>0x3</size>
               <logical_group_ref idref="lg-17"/>
            </allocated_space>
         </usage_details>
      </memory_area>
      <memory_area display="no" color="green">
         <name>FLASH_REGS</name>
         <page_id>0x1</page_id>
         <origin>0xa80</origin>
         <length>0x60</length>
         <used_space>0x8</used_space>
         <unused_space>0x58</unused_space>
         <attributes>RWIX</attributes>
         <usage_details>
            <allocated_space>
               <start_address>0xa80</start_address>
               <size>0x8</size>
               <logical_group_ref idref="lg-18"/>
            </allocated_space>
            <available_space>
               <start_address>0xa88</start_address>
               <size>0x58</size>
            </available_space>
         </usage_details>
      </memory_area>
      <memory_area display="no" color="green">
         <name>CSM</name>
         <page_id>0x1</page_id>
         <origin>0xae0</origin>
         <length>0x10</length>
         <used_space>0x10</used_space>
         <unused_space>0x0</unused_space>
         <attributes>RWIX</attributes>
         <usage_details>
            <allocated_space>
               <start_address>0xae0</start_address>
               <size>0x10</size>
               <logical_group_ref idref="lg-19"/>
            </allocated_space>
         </usage_details>
      </memory_area>
      <memory_area display="no" color="green">
         <name>ADC_RESULT</name>
         <page_id>0x1</page_id>
         <origin>0xb00</origin>
         <length>0x20</length>
         <used_space>0x20</used_space>
         <unused_space>0x0</unused_space>
         <attributes>RWIX</attributes>
         <usage_details>
            <allocated_space>
               <start_address>0xb00</start_address>
               <size>0x20</size>
               <logical_group_ref idref="lg-1a"/>
            </allocated_space>
         </usage_details>
      </memory_area>
      <memory_area display="no" color="green">
         <name>CPU_TIMER0</name>
         <page_id>0x1</page_id>
         <origin>0xc00</origin>
         <length>0x8</length>
         <used_space>0x8</used_space>
         <unused_space>0x0</unused_space>
         <attributes>RWIX</attributes>
         <usage_details>
            <allocated_space>
               <start_address>0xc00</start_address>
               <size>0x8</size>
               <logical_group_ref idref="lg-1b"/>
            </allocated_space>
         </usage_details>
      </memory_area>
      <memory_area display="no" color="green">
         <name>CPU_TIMER1</name>
         <page_id>0x1</page_id>
         <origin>0xc08</origin>
         <length>0x8</length>
         <used_space>0x8</used_space>
         <unused_space>0x0</unused_space>
         <attributes>RWIX</attributes>
         <usage_details>
            <allocated_space>
               <start_address>0xc08</start_address>
               <size>0x8</size>
               <logical_group_ref idref="lg-1c"/>
            </allocated_space>
         </usage_details>
      </memory_area>
      <memory_area display="no" color="green">
         <name>CPU_TIMER2</name>
         <page_id>0x1</page_id>
         <origin>0xc10</origin>
         <length>0x8</length>
         <used_space>0x8</used_space>
         <unused_space>0x0</unused_space>
         <attributes>RWIX</attributes>
         <usage_details>
            <allocated_space>
               <start_address>0xc10</start_address>
               <size>0x8</size>
               <logical_group_ref idref="lg-1d"/>
            </allocated_space>
         </usage_details>
      </memory_area>
      <memory_area display="no" color="green">
         <name>PIE_CTRL</name>
         <page_id>0x1</page_id>
         <origin>0xce0</origin>
         <length>0x20</length>
         <used_space>0x1a</used_space>
         <unused_space>0x6</unused_space>
         <attributes>RWIX</attributes>
         <usage_details>
            <allocated_space>
               <start_address>0xce0</start_address>
               <size>0x1a</size>
               <logical_group_ref idref="lg-1e"/>
            </allocated_space>
            <available_space>
               <start_address>0xcfa</start_address>
               <size>0x6</size>
            </available_space>
         </usage_details>
      </memory_area>
      <memory_area display="yes" color="green">
         <name>PIE_VECT</name>
         <page_id>0x1</page_id>
         <origin>0xd00</origin>
         <length>0x100</length>
         <used_space>0x100</used_space>
         <unused_space>0x0</unused_space>
         <attributes>RWIX</attributes>
         <usage_details>
            <allocated_space>
               <start_address>0xd00</start_address>
               <size>0x100</size>
               <logical_group_ref idref="lg-f"/>
            </allocated_space>
         </usage_details>
      </memory_area>
      <memory_area display="no" color="green">
         <name>COMP1</name>
         <page_id>0x1</page_id>
         <origin>0x6400</origin>
         <length>0x20</length>
         <used_space>0x11</used_space>
         <unused_space>0xf</unused_space>
         <attributes>RWIX</attributes>
         <usage_details>
            <allocated_space>
               <start_address>0x6400</start_address>
               <size>0x11</size>
               <logical_group_ref idref="lg-2a"/>
            </allocated_space>
            <available_space>
               <start_address>0x6411</start_address>
               <size>0xf</size>
            </available_space>
         </usage_details>
      </memory_area>
      <memory_area display="no" color="green">
         <name>COMP2</name>
         <page_id>0x1</page_id>
         <origin>0x6420</origin>
         <length>0x20</length>
         <used_space>0x11</used_space>
         <unused_space>0xf</unused_space>
         <attributes>RWIX</attributes>
         <usage_details>
            <allocated_space>
               <start_address>0x6420</start_address>
               <size>0x11</size>
               <logical_group_ref idref="lg-2b"/>
            </allocated_space>
            <available_space>
               <start_address>0x6431</start_address>
               <size>0xf</size>
            </available_space>
         </usage_details>
      </memory_area>
      <memory_area display="no" color="green">
         <name>EPWM1</name>
         <page_id>0x1</page_id>
         <origin>0x6800</origin>
         <length>0x40</length>
         <used_space>0x3a</used_space>
         <unused_space>0x6</unused_space>
         <attributes>RWIX</attributes>
         <usage_details>
            <allocated_space>
               <start_address>0x6800</start_address>
               <size>0x3a</size>
               <logical_group_ref idref="lg-2c"/>
            </allocated_space>
            <available_space>
               <start_address>0x683a</start_address>
               <size>0x6</size>
            </available_space>
         </usage_details>
      </memory_area>
      <memory_area display="no" color="green">
         <name>EPWM2</name>
         <page_id>0x1</page_id>
         <origin>0x6840</origin>
         <length>0x40</length>
         <used_space>0x3a</used_space>
         <unused_space>0x6</unused_space>
         <attributes>RWIX</attributes>
         <usage_details>
            <allocated_space>
               <start_address>0x6840</start_address>
               <size>0x3a</size>
               <logical_group_ref idref="lg-2d"/>
            </allocated_space>
            <available_space>
               <start_address>0x687a</start_address>
               <size>0x6</size>
            </available_space>
         </usage_details>
      </memory_area>
      <memory_area display="no" color="green">
         <name>EPWM3</name>
         <page_id>0x1</page_id>
         <origin>0x6880</origin>
         <length>0x40</length>
         <used_space>0x3a</used_space>
         <unused_space>0x6</unused_space>
         <attributes>RWIX</attributes>
         <usage_details>
            <allocated_space>
               <start_address>0x6880</start_address>
               <size>0x3a</size>
               <logical_group_ref idref="lg-2e"/>
            </allocated_space>
            <available_space>
               <start_address>0x68ba</start_address>
               <size>0x6</size>
            </available_space>
         </usage_details>
      </memory_area>
      <memory_area display="no" color="green">
         <name>EPWM4</name>
         <page_id>0x1</page_id>
         <origin>0x68c0</origin>
         <length>0x40</length>
         <used_space>0x3a</used_space>
         <unused_space>0x6</unused_space>
         <attributes>RWIX</attributes>
         <usage_details>
            <allocated_space>
               <start_address>0x68c0</start_address>
               <size>0x3a</size>
               <logical_group_ref idref="lg-2f"/>
            </allocated_space>
            <available_space>
               <start_address>0x68fa</start_address>
               <size>0x6</size>
            </available_space>
         </usage_details>
      </memory_area>
      <memory_area display="no" color="green">
         <name>ECAP1</name>
         <page_id>0x1</page_id>
         <origin>0x6a00</origin>
         <length>0x20</length>
         <used_space>0x20</used_space>
         <unused_space>0x0</unused_space>
         <attributes>RWIX</attributes>
         <usage_details>
            <allocated_space>
               <start_address>0x6a00</start_address>
               <size>0x20</size>
               <logical_group_ref idref="lg-1f"/>
            </allocated_space>
         </usage_details>
      </memory_area>
      <memory_area display="no" color="green">
         <name>GPIOCTRL</name>
         <page_id>0x1</page_id>
         <origin>0x6f80</origin>
         <length>0x40</length>
         <used_space>0x40</used_space>
         <unused_space>0x0</unused_space>
         <attributes>RWIX</attributes>
         <usage_details>
            <allocated_space>
               <start_address>0x6f80</start_address>
               <size>0x40</size>
               <logical_group_ref idref="lg-20"/>
            </allocated_space>
         </usage_details>
      </memory_area>
      <memory_area display="no" color="green">
         <name>GPIODAT</name>
         <page_id>0x1</page_id>
         <origin>0x6fc0</origin>
         <length>0x20</length>
         <used_space>0x20</used_space>
         <unused_space>0x0</unused_space>
         <attributes>RWIX</attributes>
         <usage_details>
            <allocated_space>
               <start_address>0x6fc0</start_address>
               <size>0x20</size>
               <logical_group_ref idref="lg-21"/>
            </allocated_space>
         </usage_details>
      </memory_area>
      <memory_area display="no" color="green">
         <name>GPIOINT</name>
         <page_id>0x1</page_id>
         <origin>0x6fe0</origin>
         <length>0x20</length>
         <used_space>0xa</used_space>
         <unused_space>0x16</unused_space>
         <attributes>RWIX</attributes>
         <usage_details>
            <allocated_space>
               <start_address>0x6fe0</start_address>
               <size>0xa</size>
               <logical_group_ref idref="lg-22"/>
            </allocated_space>
            <available_space>
               <start_address>0x6fea</start_address>
               <size>0x16</size>
            </available_space>
         </usage_details>
      </memory_area>
      <memory_area display="no" color="green">
         <name>SYSTEM</name>
         <page_id>0x1</page_id>
         <origin>0x7010</origin>
         <length>0x20</length>
         <used_space>0x1f</used_space>
         <unused_space>0x1</unused_space>
         <attributes>RWIX</attributes>
         <usage_details>
            <allocated_space>
               <start_address>0x7010</start_address>
               <size>0x1f</size>
               <logical_group_ref idref="lg-23"/>
            </allocated_space>
            <available_space>
               <start_address>0x702f</start_address>
               <size>0x1</size>
            </available_space>
         </usage_details>
      </memory_area>
      <memory_area display="no" color="green">
         <name>SPIA</name>
         <page_id>0x1</page_id>
         <origin>0x7040</origin>
         <length>0x10</length>
         <used_space>0x10</used_space>
         <unused_space>0x0</unused_space>
         <attributes>RWIX</attributes>
         <usage_details>
            <allocated_space>
               <start_address>0x7040</start_address>
               <size>0x10</size>
               <logical_group_ref idref="lg-24"/>
            </allocated_space>
         </usage_details>
      </memory_area>
      <memory_area display="no" color="green">
         <name>SCIA</name>
         <page_id>0x1</page_id>
         <origin>0x7050</origin>
         <length>0x10</length>
         <used_space>0x10</used_space>
         <unused_space>0x0</unused_space>
         <attributes>RWIX</attributes>
         <usage_details>
            <allocated_space>
               <start_address>0x7050</start_address>
               <size>0x10</size>
               <logical_group_ref idref="lg-25"/>
            </allocated_space>
         </usage_details>
      </memory_area>
      <memory_area display="no" color="green">
         <name>NMIINTRUPT</name>
         <page_id>0x1</page_id>
         <origin>0x7060</origin>
         <length>0x10</length>
         <used_space>0x10</used_space>
         <unused_space>0x0</unused_space>
         <attributes>RWIX</attributes>
         <usage_details>
            <allocated_space>
               <start_address>0x7060</start_address>
               <size>0x10</size>
               <logical_group_ref idref="lg-26"/>
            </allocated_space>
         </usage_details>
      </memory_area>
      <memory_area display="no" color="green">
         <name>XINTRUPT</name>
         <page_id>0x1</page_id>
         <origin>0x7070</origin>
         <length>0x10</length>
         <used_space>0x10</used_space>
         <unused_space>0x0</unused_space>
         <attributes>RWIX</attributes>
         <usage_details>
            <allocated_space>
               <start_address>0x7070</start_address>
               <size>0x10</size>
               <logical_group_ref idref="lg-27"/>
            </allocated_space>
         </usage_details>
      </memory_area>
      <memory_area display="yes" color="green">
         <name>ADC</name>
         <page_id>0x1</page_id>
         <origin>0x7100</origin>
         <length>0x80</length>
         <used_space>0x50</used_space>
         <unused_space>0x30</unused_space>
         <attributes>RWIX</attributes>
         <usage_details>
            <allocated_space>
               <start_address>0x7100</start_address>
               <size>0x50</size>
               <logical_group_ref idref="lg-28"/>
            </allocated_space>
            <available_space>
               <start_address>0x7150</start_address>
               <size>0x30</size>
            </available_space>
         </usage_details>
      </memory_area>
      <memory_area display="no" color="green">
         <name>I2CA</name>
         <page_id>0x1</page_id>
         <origin>0x7900</origin>
         <length>0x40</length>
         <used_space>0x22</used_space>
         <unused_space>0x1e</unused_space>
         <attributes>RWIX</attributes>
         <usage_details>
            <allocated_space>
               <start_address>0x7900</start_address>
               <size>0x22</size>
               <logical_group_ref idref="lg-29"/>
            </allocated_space>
            <available_space>
               <start_address>0x7922</start_address>
               <size>0x1e</size>
            </available_space>
         </usage_details>
      </memory_area>
      <memory_area display="yes" color="green">
         <name>DRAML0</name>
         <page_id>0x1</page_id>
         <origin>0x8900</origin>
         <length>0x700</length>
         <used_space>0x121</used_space>
         <unused_space>0x5df</unused_space>
         <attributes>RWIX</attributes>
         <usage_details>
            <allocated_space>
               <start_address>0x8900</start_address>
               <size>0x100</size>
               <logical_group_ref idref="lg-b"/>
            </allocated_space>
            <allocated_space>
               <start_address>0x8a00</start_address>
               <size>0x21</size>
               <logical_group_ref idref="lg-a"/>
            </allocated_space>
            <available_space>
               <start_address>0x8a21</start_address>
               <size>0x5df</size>
            </available_space>
         </usage_details>
      </memory_area>
      <memory_area display="no" color="green">
         <name>PARTID</name>
         <page_id>0x1</page_id>
         <origin>0x3d7fff</origin>
         <length>0x1</length>
         <used_space>0x1</used_space>
         <unused_space>0x0</unused_space>
         <attributes>RWIX</attributes>
         <usage_details>
            <allocated_space>
               <start_address>0x3d7fff</start_address>
               <size>0x1</size>
               <logical_group_ref idref="lg-31"/>
            </allocated_space>
         </usage_details>
      </memory_area>
      <memory_area display="no" color="green">
         <name>CSM_PWL</name>
         <page_id>0x1</page_id>
         <origin>0x3f7ff8</origin>
         <length>0x8</length>
         <used_space>0x8</used_space>
         <unused_space>0x0</unused_space>
         <attributes>RWIX</attributes>
         <usage_details>
            <allocated_space>
               <start_address>0x3f7ff8</start_address>
               <size>0x8</size>
               <logical_group_ref idref="lg-30"/>
            </allocated_space>
         </usage_details>
      </memory_area>
   </placement_map>
   <symbol_table>
      <symbol id="sm-0">
         <name>cinit</name>
         <value>0x50</value>
      </symbol>
      <symbol id="sm-1">
         <name>___cinit__</name>
         <value>0x50</value>
      </symbol>
      <symbol id="sm-2">
         <name>pinit</name>
         <value>0xffffffff</value>
      </symbol>
      <symbol id="sm-3">
         <name>___pinit__</name>
         <value>0xffffffff</value>
      </symbol>
      <symbol id="sm-4">
         <name>binit</name>
         <value>0xffffffff</value>
      </symbol>
      <symbol id="sm-5">
         <name>___binit__</name>
         <value>0xffffffff</value>
      </symbol>
      <symbol id="sm-6">
         <name>__STACK_SIZE</name>
         <value>0x300</value>
      </symbol>
      <symbol id="sm-7">
         <name>__STACK_END</name>
         <value>0x700</value>
      </symbol>
      <symbol id="sm-8">
         <name>___c_args__</name>
         <value>0xffffffff</value>
      </symbol>
      <symbol id="sm-9">
         <name>.text</name>
         <value>0x8000</value>
      </symbol>
      <symbol id="sm-a">
         <name>___text__</name>
         <value>0x8000</value>
      </symbol>
      <symbol id="sm-b">
         <name>etext</name>
         <value>0x83ed</value>
      </symbol>
      <symbol id="sm-c">
         <name>___etext__</name>
         <value>0x83ed</value>
      </symbol>
      <symbol id="sm-7b">
         <name>code_start</name>
         <value>0x0</value>
         <object_component_ref idref="oc-34"/>
      </symbol>
      <symbol id="sm-b5">
         <name>_ILLEGAL_ISR</name>
         <value>0x814d</value>
         <object_component_ref idref="oc-39"/>
      </symbol>
      <symbol id="sm-b6">
         <name>_ADCINT4_ISR</name>
         <value>0x8201</value>
         <object_component_ref idref="oc-39"/>
      </symbol>
      <symbol id="sm-b7">
         <name>_DATALOG_ISR</name>
         <value>0x8139</value>
         <object_component_ref idref="oc-39"/>
      </symbol>
      <symbol id="sm-b8">
         <name>_SPITXINTA_ISR</name>
         <value>0x81e3</value>
         <object_component_ref idref="oc-39"/>
      </symbol>
      <symbol id="sm-b9">
         <name>_SPIRXINTA_ISR</name>
         <value>0x81de</value>
         <object_component_ref idref="oc-39"/>
      </symbol>
      <symbol id="sm-ba">
         <name>_INT13_ISR</name>
         <value>0x812f</value>
         <object_component_ref idref="oc-39"/>
      </symbol>
      <symbol id="sm-bb">
         <name>_ADCINT5_ISR</name>
         <value>0x8206</value>
         <object_component_ref idref="oc-39"/>
      </symbol>
      <symbol id="sm-bc">
         <name>_EPWM4_INT_ISR</name>
         <value>0x81d4</value>
         <object_component_ref idref="oc-39"/>
      </symbol>
      <symbol id="sm-bd">
         <name>_USER5_ISR</name>
         <value>0x8166</value>
         <object_component_ref idref="oc-39"/>
      </symbol>
      <symbol id="sm-be">
         <name>_EMPTY_ISR</name>
         <value>0x821f</value>
         <object_component_ref idref="oc-39"/>
      </symbol>
      <symbol id="sm-bf">
         <name>_EPWM4_TZINT_ISR</name>
         <value>0x81c0</value>
         <object_component_ref idref="oc-39"/>
      </symbol>
      <symbol id="sm-c0">
         <name>_EMUINT_ISR</name>
         <value>0x8143</value>
         <object_component_ref idref="oc-39"/>
      </symbol>
      <symbol id="sm-c1">
         <name>_ECAP1_INT_ISR</name>
         <value>0x81d9</value>
         <object_component_ref idref="oc-39"/>
      </symbol>
      <symbol id="sm-c2">
         <name>_EPWM1_TZINT_ISR</name>
         <value>0x81b1</value>
         <object_component_ref idref="oc-39"/>
      </symbol>
      <symbol id="sm-c3">
         <name>_ADCINT6_ISR</name>
         <value>0x820b</value>
         <object_component_ref idref="oc-39"/>
      </symbol>
      <symbol id="sm-c4">
         <name>_ADCINT8_ISR</name>
         <value>0x8215</value>
         <object_component_ref idref="oc-39"/>
      </symbol>
      <symbol id="sm-c5">
         <name>_USER11_ISR</name>
         <value>0x8184</value>
         <object_component_ref idref="oc-39"/>
      </symbol>
      <symbol id="sm-c6">
         <name>_EPWM3_TZINT_ISR</name>
         <value>0x81bb</value>
         <object_component_ref idref="oc-39"/>
      </symbol>
      <symbol id="sm-c7">
         <name>_USER4_ISR</name>
         <value>0x8161</value>
         <object_component_ref idref="oc-39"/>
      </symbol>
      <symbol id="sm-c8">
         <name>_EPWM2_TZINT_ISR</name>
         <value>0x81b6</value>
         <object_component_ref idref="oc-39"/>
      </symbol>
      <symbol id="sm-c9">
         <name>_EPWM2_INT_ISR</name>
         <value>0x81ca</value>
         <object_component_ref idref="oc-39"/>
      </symbol>
      <symbol id="sm-ca">
         <name>_TINT0_ISR</name>
         <value>0x81a7</value>
         <object_component_ref idref="oc-39"/>
      </symbol>
      <symbol id="sm-cb">
         <name>_WAKEINT_ISR</name>
         <value>0x81ac</value>
         <object_component_ref idref="oc-39"/>
      </symbol>
      <symbol id="sm-cc">
         <name>_ADCINT7_ISR</name>
         <value>0x8210</value>
         <object_component_ref idref="oc-39"/>
      </symbol>
      <symbol id="sm-cd">
         <name>_ADCINT9_ISR</name>
         <value>0x81a2</value>
         <object_component_ref idref="oc-39"/>
      </symbol>
      <symbol id="sm-ce">
         <name>_USER10_ISR</name>
         <value>0x817f</value>
         <object_component_ref idref="oc-39"/>
      </symbol>
      <symbol id="sm-cf">
         <name>_USER7_ISR</name>
         <value>0x8170</value>
         <object_component_ref idref="oc-39"/>
      </symbol>
      <symbol id="sm-d0">
         <name>_XINT1_ISR</name>
         <value>0x8198</value>
         <object_component_ref idref="oc-39"/>
      </symbol>
      <symbol id="sm-d1">
         <name>_INT14_ISR</name>
         <value>0x8134</value>
         <object_component_ref idref="oc-39"/>
      </symbol>
      <symbol id="sm-d2">
         <name>_USER6_ISR</name>
         <value>0x816b</value>
         <object_component_ref idref="oc-39"/>
      </symbol>
      <symbol id="sm-d3">
         <name>_ADCINT1_ISR</name>
         <value>0x818e</value>
         <object_component_ref idref="oc-39"/>
      </symbol>
      <symbol id="sm-d4">
         <name>_USER12_ISR</name>
         <value>0x8189</value>
         <object_component_ref idref="oc-39"/>
      </symbol>
      <symbol id="sm-d5">
         <name>_USER1_ISR</name>
         <value>0x8152</value>
         <object_component_ref idref="oc-39"/>
      </symbol>
      <symbol id="sm-d6">
         <name>_XINT3_ISR</name>
         <value>0x821a</value>
         <object_component_ref idref="oc-39"/>
      </symbol>
      <symbol id="sm-d7">
         <name>_NMI_ISR</name>
         <value>0x8148</value>
         <object_component_ref idref="oc-39"/>
      </symbol>
      <symbol id="sm-d8">
         <name>_ADCINT2_ISR</name>
         <value>0x8193</value>
         <object_component_ref idref="oc-39"/>
      </symbol>
      <symbol id="sm-d9">
         <name>_PIE_RESERVED</name>
         <value>0x8224</value>
         <object_component_ref idref="oc-39"/>
      </symbol>
      <symbol id="sm-da">
         <name>_I2CINT1A_ISR</name>
         <value>0x81e8</value>
         <object_component_ref idref="oc-39"/>
      </symbol>
      <symbol id="sm-db">
         <name>_XINT2_ISR</name>
         <value>0x819d</value>
         <object_component_ref idref="oc-39"/>
      </symbol>
      <symbol id="sm-dc">
         <name>_I2CINT2A_ISR</name>
         <value>0x81ed</value>
         <object_component_ref idref="oc-39"/>
      </symbol>
      <symbol id="sm-dd">
         <name>_RTOSINT_ISR</name>
         <value>0x813e</value>
         <object_component_ref idref="oc-39"/>
      </symbol>
      <symbol id="sm-de">
         <name>_EPWM3_INT_ISR</name>
         <value>0x81cf</value>
         <object_component_ref idref="oc-39"/>
      </symbol>
      <symbol id="sm-df">
         <name>_ADCINT3_ISR</name>
         <value>0x81fc</value>
         <object_component_ref idref="oc-39"/>
      </symbol>
      <symbol id="sm-e0">
         <name>_USER9_ISR</name>
         <value>0x817a</value>
         <object_component_ref idref="oc-39"/>
      </symbol>
      <symbol id="sm-e1">
         <name>_USER3_ISR</name>
         <value>0x815c</value>
         <object_component_ref idref="oc-39"/>
      </symbol>
      <symbol id="sm-e2">
         <name>_USER8_ISR</name>
         <value>0x8175</value>
         <object_component_ref idref="oc-39"/>
      </symbol>
      <symbol id="sm-e3">
         <name>_EPWM1_INT_ISR</name>
         <value>0x81c5</value>
         <object_component_ref idref="oc-39"/>
      </symbol>
      <symbol id="sm-e4">
         <name>_USER2_ISR</name>
         <value>0x8157</value>
         <object_component_ref idref="oc-39"/>
      </symbol>
      <symbol id="sm-e5">
         <name>_SCITXINTA_ISR</name>
         <value>0x81f7</value>
         <object_component_ref idref="oc-39"/>
      </symbol>
      <symbol id="sm-e6">
         <name>_SCIRXINTA_ISR</name>
         <value>0x81f2</value>
         <object_component_ref idref="oc-39"/>
      </symbol>
      <symbol id="sm-e7">
         <name>_rsvd_ISR</name>
         <value>0x8229</value>
         <object_component_ref idref="oc-39"/>
      </symbol>
      <symbol id="sm-136">
         <name>_GpioCtrlRegs</name>
         <value>0x6f80</value>
         <object_component_ref idref="oc-60"/>
      </symbol>
      <symbol id="sm-137">
         <name>_PieVectTable</name>
         <value>0xd00</value>
         <object_component_ref idref="oc-62"/>
      </symbol>
      <symbol id="sm-138">
         <name>_SysPwrCtrlRegs</name>
         <value>0x985</value>
         <object_component_ref idref="oc-47"/>
      </symbol>
      <symbol id="sm-139">
         <name>_EmuBMode</name>
         <value>0xd01</value>
         <object_component_ref idref="oc-44"/>
      </symbol>
      <symbol id="sm-13a">
         <name>_CsmRegs</name>
         <value>0xae0</value>
         <object_component_ref idref="oc-52"/>
      </symbol>
      <symbol id="sm-13b">
         <name>_AdcResult</name>
         <value>0xb00</value>
         <object_component_ref idref="oc-5a"/>
      </symbol>
      <symbol id="sm-13c">
         <name>_EPwm4Regs</name>
         <value>0x68c0</value>
         <object_component_ref idref="oc-5e"/>
      </symbol>
      <symbol id="sm-13d">
         <name>_CpuTimer1Regs</name>
         <value>0xc08</value>
         <object_component_ref idref="oc-4b"/>
      </symbol>
      <symbol id="sm-13e">
         <name>_SysCtrlRegs</name>
         <value>0x7010</value>
         <object_component_ref idref="oc-57"/>
      </symbol>
      <symbol id="sm-13f">
         <name>_SpiaRegs</name>
         <value>0x7040</value>
         <object_component_ref idref="oc-4f"/>
      </symbol>
      <symbol id="sm-140">
         <name>_FlashRegs</name>
         <value>0xa80</value>
         <object_component_ref idref="oc-49"/>
      </symbol>
      <symbol id="sm-141">
         <name>_CpuTimer0Regs</name>
         <value>0xc00</value>
         <object_component_ref idref="oc-4a"/>
      </symbol>
      <symbol id="sm-142">
         <name>_DevEmuRegs</name>
         <value>0x880</value>
         <object_component_ref idref="oc-48"/>
      </symbol>
      <symbol id="sm-143">
         <name>_Comp1Regs</name>
         <value>0x6400</value>
         <object_component_ref idref="oc-55"/>
      </symbol>
      <symbol id="sm-144">
         <name>_SciaRegs</name>
         <value>0x7050</value>
         <object_component_ref idref="oc-50"/>
      </symbol>
      <symbol id="sm-145">
         <name>_GpioDataRegs</name>
         <value>0x6fc0</value>
         <object_component_ref idref="oc-58"/>
      </symbol>
      <symbol id="sm-146">
         <name>_CsmPwl</name>
         <value>0x3f7ff8</value>
         <object_component_ref idref="oc-4d"/>
      </symbol>
      <symbol id="sm-147">
         <name>_AdcRegs</name>
         <value>0x7100</value>
         <object_component_ref idref="oc-61"/>
      </symbol>
      <symbol id="sm-148">
         <name>_Comp2Regs</name>
         <value>0x6420</value>
         <object_component_ref idref="oc-54"/>
      </symbol>
      <symbol id="sm-149">
         <name>_XIntruptRegs</name>
         <value>0x7070</value>
         <object_component_ref idref="oc-53"/>
      </symbol>
      <symbol id="sm-14a">
         <name>_CpuTimer2Regs</name>
         <value>0xc10</value>
         <object_component_ref idref="oc-4c"/>
      </symbol>
      <symbol id="sm-14b">
         <name>_PieCtrlRegs</name>
         <value>0xce0</value>
         <object_component_ref idref="oc-56"/>
      </symbol>
      <symbol id="sm-14c">
         <name>_ECap1Regs</name>
         <value>0x6a00</value>
         <object_component_ref idref="oc-59"/>
      </symbol>
      <symbol id="sm-14d">
         <name>_EmuKey</name>
         <value>0xd00</value>
         <object_component_ref idref="oc-42"/>
      </symbol>
      <symbol id="sm-14e">
         <name>_EPwm1Regs</name>
         <value>0x6800</value>
         <object_component_ref idref="oc-5f"/>
      </symbol>
      <symbol id="sm-14f">
         <name>_GpioIntRegs</name>
         <value>0x6fe0</value>
         <object_component_ref idref="oc-4e"/>
      </symbol>
      <symbol id="sm-150">
         <name>_PartIdRegs</name>
         <value>0x3d7fff</value>
         <object_component_ref idref="oc-43"/>
      </symbol>
      <symbol id="sm-151">
         <name>_Flash_CPUScaleFactor</name>
         <value>0xd04</value>
         <object_component_ref idref="oc-45"/>
      </symbol>
      <symbol id="sm-152">
         <name>_EPwm2Regs</name>
         <value>0x6840</value>
         <object_component_ref idref="oc-5d"/>
      </symbol>
      <symbol id="sm-153">
         <name>_NmiIntruptRegs</name>
         <value>0x7060</value>
         <object_component_ref idref="oc-51"/>
      </symbol>
      <symbol id="sm-154">
         <name>_Flash_CallbackPtr</name>
         <value>0xd02</value>
         <object_component_ref idref="oc-46"/>
      </symbol>
      <symbol id="sm-155">
         <name>_EPwm3Regs</name>
         <value>0x6880</value>
         <object_component_ref idref="oc-5c"/>
      </symbol>
      <symbol id="sm-156">
         <name>_I2caRegs</name>
         <value>0x7900</value>
         <object_component_ref idref="oc-5b"/>
      </symbol>
      <symbol id="sm-160">
         <name>_InitPieCtrl</name>
         <value>0x835d</value>
         <object_component_ref idref="oc-a2"/>
      </symbol>
      <symbol id="sm-161">
         <name>_EnableInterrupts</name>
         <value>0x837c</value>
         <object_component_ref idref="oc-a2"/>
      </symbol>
      <symbol id="sm-16f">
         <name>_PieVectTableInit</name>
         <value>0x8900</value>
         <object_component_ref idref="oc-69"/>
      </symbol>
      <symbol id="sm-170">
         <name>_InitPieVectTable</name>
         <value>0x8385</value>
         <object_component_ref idref="oc-a3"/>
      </symbol>
      <symbol id="sm-183">
         <name>_InitPll</name>
         <value>0x802c</value>
         <object_component_ref idref="oc-a1"/>
      </symbol>
      <symbol id="sm-184">
         <name>_IntOsc1Sel</name>
         <value>0x80e3</value>
         <object_component_ref idref="oc-a1"/>
      </symbol>
      <symbol id="sm-185">
         <name>_ExtOscSel</name>
         <value>0x8119</value>
         <object_component_ref idref="oc-a1"/>
      </symbol>
      <symbol id="sm-186">
         <name>_DisableDog</name>
         <value>0x8024</value>
         <object_component_ref idref="oc-a1"/>
      </symbol>
      <symbol id="sm-187">
         <name>_InitPeripheralClocks</name>
         <value>0x8080</value>
         <object_component_ref idref="oc-a1"/>
      </symbol>
      <symbol id="sm-188">
         <name>_IntOsc2Sel</name>
         <value>0x80f3</value>
         <object_component_ref idref="oc-a1"/>
      </symbol>
      <symbol id="sm-189">
         <name>_CsmUnlock</name>
         <value>0x80b2</value>
         <object_component_ref idref="oc-a1"/>
      </symbol>
      <symbol id="sm-18a">
         <name>_ServiceDog</name>
         <value>0x801a</value>
         <object_component_ref idref="oc-a1"/>
      </symbol>
      <symbol id="sm-18b">
         <name>_XtalOscSel</name>
         <value>0x8105</value>
         <object_component_ref idref="oc-a1"/>
      </symbol>
      <symbol id="sm-18c">
         <name>_InitSysCtrl</name>
         <value>0x8000</value>
         <object_component_ref idref="oc-a1"/>
      </symbol>
      <symbol id="sm-194">
         <name>_DSP28x_usDelay</name>
         <value>0x6a</value>
         <object_component_ref idref="oc-71"/>
      </symbol>
      <symbol id="sm-1a6">
         <name>_main</name>
         <value>0x822e</value>
         <object_component_ref idref="oc-a0"/>
      </symbol>
      <symbol id="sm-1a7">
         <name>_data</name>
         <value>0x8a20</value>
         <object_component_ref idref="oc-77"/>
      </symbol>
      <symbol id="sm-1a8">
         <name>_error</name>
         <value>0x8254</value>
         <object_component_ref idref="oc-a0"/>
      </symbol>
      <symbol id="sm-1a9">
         <name>_spi_gpio_init</name>
         <value>0x8256</value>
         <object_component_ref idref="oc-a0"/>
      </symbol>
      <symbol id="sm-1aa">
         <name>_spi_init</name>
         <value>0x827c</value>
         <object_component_ref idref="oc-a0"/>
      </symbol>
      <symbol id="sm-1b4">
         <name>_CpuTimer2</name>
         <value>0x8a08</value>
         <object_component_ref idref="oc-7c"/>
      </symbol>
      <symbol id="sm-1b5">
         <name>_CpuTimer0</name>
         <value>0x8a10</value>
         <object_component_ref idref="oc-7c"/>
      </symbol>
      <symbol id="sm-1b6">
         <name>_CpuTimer1</name>
         <value>0x8a00</value>
         <object_component_ref idref="oc-7c"/>
      </symbol>
      <symbol id="sm-1ca">
         <name>_c_int00</name>
         <value>0x82f0</value>
         <object_component_ref idref="oc-32"/>
      </symbol>
      <symbol id="sm-1cb">
         <name>__stack</name>
         <value>0x400</value>
         <object_component_ref idref="oc-80"/>
      </symbol>
      <symbol id="sm-1dc">
         <name>C$$EXIT</name>
         <value>0x83c3</value>
         <object_component_ref idref="oc-9e"/>
      </symbol>
      <symbol id="sm-1dd">
         <name>_exit</name>
         <value>0x83c5</value>
         <object_component_ref idref="oc-9e"/>
      </symbol>
      <symbol id="sm-1de">
         <name>___TI_cleanup_ptr</name>
         <value>0x8a1c</value>
         <object_component_ref idref="oc-87"/>
      </symbol>
      <symbol id="sm-1df">
         <name>_abort</name>
         <value>0x83c3</value>
         <object_component_ref idref="oc-9e"/>
      </symbol>
      <symbol id="sm-1e0">
         <name>___TI_dtors_ptr</name>
         <value>0x8a1e</value>
         <object_component_ref idref="oc-87"/>
      </symbol>
      <symbol id="sm-1ed">
         <name>FS$$MPY</name>
         <value>0x8296</value>
         <object_component_ref idref="oc-8b"/>
      </symbol>
      <symbol id="sm-1fc">
         <name>FS$$TOL</name>
         <value>0x8334</value>
         <object_component_ref idref="oc-8f"/>
      </symbol>
      <symbol id="sm-20a">
         <name>__unlock</name>
         <value>0x8a18</value>
         <object_component_ref idref="oc-95"/>
      </symbol>
      <symbol id="sm-20b">
         <name>__lock</name>
         <value>0x8a1a</value>
         <object_component_ref idref="oc-95"/>
      </symbol>
      <symbol id="sm-20c">
         <name>__register_lock</name>
         <value>0x83e0</value>
         <object_component_ref idref="oc-9f"/>
      </symbol>
      <symbol id="sm-20d">
         <name>__nop</name>
         <value>0x83e4</value>
         <object_component_ref idref="oc-9f"/>
      </symbol>
      <symbol id="sm-20e">
         <name>__register_unlock</name>
         <value>0x83dc</value>
         <object_component_ref idref="oc-9f"/>
      </symbol>
      <symbol id="sm-21a">
         <name>__args_main</name>
         <value>0x83aa</value>
         <object_component_ref idref="oc-9d"/>
      </symbol>
      <symbol id="sm-21b">
         <name>__TI_args_main</name>
         <value>0x1</value>
      </symbol>
   </symbol_table>
   <title>Link successful</title>
</link_info>
