******************************************************************************
             TMS320C2000 Linker PC v6.2.7                      
******************************************************************************
>> Linked Sat Oct 04 14:59:05 2014

OUTPUT FILE NAME:   <tms320_modbus.out>
ENTRY POINT SYMBOL: "_c_int00"  address: 00008310


MEMORY CONFIGURATION

         name            origin    length      used     unused   attr    fill
----------------------  --------  ---------  --------  --------  ----  --------
PAGE 0:
  BEGIN                 00000000   00000002  00000002  00000000  RWIX
  RAMM0                 00000050   000003b0  00000028  00000388  RWIX
  PRAML0                00008000   00000900  0000040d  000004f3  RWIX
  IQTABLES              003fe000   00000b50  00000000  00000b50  RWIX
  IQTABLES2             003feb50   0000008c  00000000  0000008c  RWIX
  IQTABLES3             003febdc   000000aa  00000000  000000aa  RWIX
  BOOTROM               003ff27c   00000d44  00000000  00000d44  RWIX
  RESET                 003fffc0   00000002  00000000  00000002  RWIX

PAGE 1:
  BOOT_RSVD             00000002   0000004e  00000000  0000004e  RWIX
  RAMM1                 00000400   00000400  00000300  00000100  RWIX
  DEV_EMU               00000880   00000105  00000004  00000101  RWIX
  SYS_PWR_CTL           00000985   00000003  00000003  00000000  RWIX
  FLASH_REGS            00000a80   00000060  00000008  00000058  RWIX
  CSM                   00000ae0   00000010  00000010  00000000  RWIX
  ADC_RESULT            00000b00   00000020  00000020  00000000  RWIX
  CPU_TIMER0            00000c00   00000008  00000008  00000000  RWIX
  CPU_TIMER1            00000c08   00000008  00000008  00000000  RWIX
  CPU_TIMER2            00000c10   00000008  00000008  00000000  RWIX
  PIE_CTRL              00000ce0   00000020  0000001a  00000006  RWIX
  PIE_VECT              00000d00   00000100  00000100  00000000  RWIX
  COMP1                 00006400   00000020  00000011  0000000f  RWIX
  COMP2                 00006420   00000020  00000011  0000000f  RWIX
  EPWM1                 00006800   00000040  0000003a  00000006  RWIX
  EPWM2                 00006840   00000040  0000003a  00000006  RWIX
  EPWM3                 00006880   00000040  0000003a  00000006  RWIX
  EPWM4                 000068c0   00000040  0000003a  00000006  RWIX
  ECAP1                 00006a00   00000020  00000020  00000000  RWIX
  GPIOCTRL              00006f80   00000040  00000040  00000000  RWIX
  GPIODAT               00006fc0   00000020  00000020  00000000  RWIX
  GPIOINT               00006fe0   00000020  0000000a  00000016  RWIX
  SYSTEM                00007010   00000020  0000001f  00000001  RWIX
  SPIA                  00007040   00000010  00000010  00000000  RWIX
  SCIA                  00007050   00000010  00000010  00000000  RWIX
  NMIINTRUPT            00007060   00000010  00000010  00000000  RWIX
  XINTRUPT              00007070   00000010  00000010  00000000  RWIX
  ADC                   00007100   00000080  00000050  00000030  RWIX
  I2CA                  00007900   00000040  00000022  0000001e  RWIX
  DRAML0                00008900   00000700  00000217  000004e9  RWIX
  PARTID                003d7fff   00000001  00000001  00000000  RWIX
  CSM_PWL               003f7ff8   00000008  00000008  00000000  RWIX


SECTION ALLOCATION MAP

 output                                  attributes/
section   page    origin      length       input sections
--------  ----  ----------  ----------   ----------------
codestart 
*          0    00000000    00000002     
                  00000000    00000002     DSP2802x_CodeStartBranch.obj (codestart)

.pinit     0    00000050    00000000     UNINITIALIZED

.cinit     0    00000050    00000024     
                  00000050    0000000e     main.obj (.cinit)
                  0000005e    0000000a     rts2800_ml.lib : _lock.obj (.cinit)
                  00000068    0000000a                    : exit.obj (.cinit)
                  00000072    00000002     --HOLE-- [fill = 0]

ramfuncs   0    00000074    00000004     
                  00000074    00000004     DSP2802x_usDelay.obj (ramfuncs)

.text      0    00008000    0000040d     
                  00008000    0000012f     DSP2802x_SysCtrl.obj (.text)
                  0000812f    000000ff     DSP2802x_DefaultIsr.obj (.text:retain)
                  0000822e    00000088     main.obj (.text)
                  000082b6    0000005a     rts2800_ml.lib : fs_mpy.obj (.text)
                  00008310    00000044                    : boot.obj (.text)
                  00008354    00000029                    : fs_tol.obj (.text)
                  0000837d    00000028     DSP2802x_PieCtrl.obj (.text)
                  000083a5    00000025     DSP2802x_PieVect.obj (.text)
                  000083ca    00000019     rts2800_ml.lib : args_main.obj (.text)
                  000083e3    00000019                    : exit.obj (.text)
                  000083fc    00000009                    : _lock.obj (.text)
                  00008405    00000008     DSP2802x_CodeStartBranch.obj (.text)

.reset     0    003fffc0    00000002     DSECT
                  003fffc0    00000002     rts2800_ml.lib : boot.obj (.reset)

.stack     1    00000400    00000300     UNINITIALIZED
                  00000400    00000300     --HOLE--

DevEmuRegsFile 
*          1    00000880    00000004     UNINITIALIZED
                  00000880    00000004     DSP2802x_GlobalVariableDefs.obj (DevEmuRegsFile)

SysPwrCtrlRegsFile 
*          1    00000985    00000003     UNINITIALIZED
                  00000985    00000003     DSP2802x_GlobalVariableDefs.obj (SysPwrCtrlRegsFile)

FlashRegsFile 
*          1    00000a80    00000008     UNINITIALIZED
                  00000a80    00000008     DSP2802x_GlobalVariableDefs.obj (FlashRegsFile)

CsmRegsFile 
*          1    00000ae0    00000010     UNINITIALIZED
                  00000ae0    00000010     DSP2802x_GlobalVariableDefs.obj (CsmRegsFile)

AdcResultFile 
*          1    00000b00    00000020     UNINITIALIZED
                  00000b00    00000020     DSP2802x_GlobalVariableDefs.obj (AdcResultFile)

CpuTimer0RegsFile 
*          1    00000c00    00000008     UNINITIALIZED
                  00000c00    00000008     DSP2802x_GlobalVariableDefs.obj (CpuTimer0RegsFile)

CpuTimer1RegsFile 
*          1    00000c08    00000008     UNINITIALIZED
                  00000c08    00000008     DSP2802x_GlobalVariableDefs.obj (CpuTimer1RegsFile)

CpuTimer2RegsFile 
*          1    00000c10    00000008     UNINITIALIZED
                  00000c10    00000008     DSP2802x_GlobalVariableDefs.obj (CpuTimer2RegsFile)

PieCtrlRegsFile 
*          1    00000ce0    0000001a     UNINITIALIZED
                  00000ce0    0000001a     DSP2802x_GlobalVariableDefs.obj (PieCtrlRegsFile)

PieVectTableFile 
*          1    00000d00    00000100     UNINITIALIZED
                  00000d00    00000100     DSP2802x_GlobalVariableDefs.obj (PieVectTableFile)

EmuKeyVar 
*          1    00000d00    00000001     UNINITIALIZED
                  00000d00    00000001     DSP2802x_GlobalVariableDefs.obj (EmuKeyVar)

EmuBModeVar 
*          1    00000d01    00000001     UNINITIALIZED
                  00000d01    00000001     DSP2802x_GlobalVariableDefs.obj (EmuBModeVar)

FlashCallbackVar 
*          1    00000d02    00000002     UNINITIALIZED
                  00000d02    00000002     DSP2802x_GlobalVariableDefs.obj (FlashCallbackVar)

FlashScalingVar 
*          1    00000d04    00000002     UNINITIALIZED
                  00000d04    00000002     DSP2802x_GlobalVariableDefs.obj (FlashScalingVar)

Comp1RegsFile 
*          1    00006400    00000011     UNINITIALIZED
                  00006400    00000011     DSP2802x_GlobalVariableDefs.obj (Comp1RegsFile)

Comp2RegsFile 
*          1    00006420    00000011     UNINITIALIZED
                  00006420    00000011     DSP2802x_GlobalVariableDefs.obj (Comp2RegsFile)

EPwm1RegsFile 
*          1    00006800    0000003a     UNINITIALIZED
                  00006800    0000003a     DSP2802x_GlobalVariableDefs.obj (EPwm1RegsFile)

EPwm2RegsFile 
*          1    00006840    0000003a     UNINITIALIZED
                  00006840    0000003a     DSP2802x_GlobalVariableDefs.obj (EPwm2RegsFile)

EPwm3RegsFile 
*          1    00006880    0000003a     UNINITIALIZED
                  00006880    0000003a     DSP2802x_GlobalVariableDefs.obj (EPwm3RegsFile)

EPwm4RegsFile 
*          1    000068c0    0000003a     UNINITIALIZED
                  000068c0    0000003a     DSP2802x_GlobalVariableDefs.obj (EPwm4RegsFile)

ECap1RegsFile 
*          1    00006a00    00000020     UNINITIALIZED
                  00006a00    00000020     DSP2802x_GlobalVariableDefs.obj (ECap1RegsFile)

GpioCtrlRegsFile 
*          1    00006f80    00000040     UNINITIALIZED
                  00006f80    00000040     DSP2802x_GlobalVariableDefs.obj (GpioCtrlRegsFile)

GpioDataRegsFile 
*          1    00006fc0    00000020     UNINITIALIZED
                  00006fc0    00000020     DSP2802x_GlobalVariableDefs.obj (GpioDataRegsFile)

GpioIntRegsFile 
*          1    00006fe0    0000000a     UNINITIALIZED
                  00006fe0    0000000a     DSP2802x_GlobalVariableDefs.obj (GpioIntRegsFile)

SysCtrlRegsFile 
*          1    00007010    0000001f     UNINITIALIZED
                  00007010    0000001f     DSP2802x_GlobalVariableDefs.obj (SysCtrlRegsFile)

SpiaRegsFile 
*          1    00007040    00000010     UNINITIALIZED
                  00007040    00000010     DSP2802x_GlobalVariableDefs.obj (SpiaRegsFile)

SciaRegsFile 
*          1    00007050    00000010     UNINITIALIZED
                  00007050    00000010     DSP2802x_GlobalVariableDefs.obj (SciaRegsFile)

NmiIntruptRegsFile 
*          1    00007060    00000010     UNINITIALIZED
                  00007060    00000010     DSP2802x_GlobalVariableDefs.obj (NmiIntruptRegsFile)

XIntruptRegsFile 
*          1    00007070    00000010     UNINITIALIZED
                  00007070    00000010     DSP2802x_GlobalVariableDefs.obj (XIntruptRegsFile)

AdcRegsFile 
*          1    00007100    00000050     UNINITIALIZED
                  00007100    00000050     DSP2802x_GlobalVariableDefs.obj (AdcRegsFile)

I2caRegsFile 
*          1    00007900    00000022     UNINITIALIZED
                  00007900    00000022     DSP2802x_GlobalVariableDefs.obj (I2caRegsFile)

.econst    1    00008900    00000171     
                  00008900    00000100     DSP2802x_PieVect.obj (.econst)
                  00008a00    00000071     main.obj (.econst:.string)

.ebss      1    00008a72    000000a6     UNINITIALIZED
                  00008a72    00000004     rts2800_ml.lib : _lock.obj (.ebss)
                  00008a76    00000004                    : exit.obj (.ebss)
                  00008a7a    00000006     --HOLE--
                  00008a80    00000072     main.obj (.ebss)
                  00008af2    0000000e     --HOLE--
                  00008b00    00000018     DSP2802x_CpuTimers.obj (.ebss)

PartIdRegsFile 
*          1    003d7fff    00000001     UNINITIALIZED
                  003d7fff    00000001     DSP2802x_GlobalVariableDefs.obj (PartIdRegsFile)

CsmPwlFile 
*          1    003f7ff8    00000008     UNINITIALIZED
                  003f7ff8    00000008     DSP2802x_GlobalVariableDefs.obj (CsmPwlFile)


GLOBAL DATA SYMBOLS: SORTED BY DATA PAGE

address     data page           name
--------    ----------------    ----
00000400      10 (00000400)     __stack

00000880      22 (00000880)     _DevEmuRegs

00000985      26 (00000980)     _SysPwrCtrlRegs

00000a80      2a (00000a80)     _FlashRegs

00000ae0      2b (00000ac0)     _CsmRegs

00000b00      2c (00000b00)     _AdcResult

00000c00      30 (00000c00)     _CpuTimer0Regs
00000c08      30 (00000c00)     _CpuTimer1Regs
00000c10      30 (00000c00)     _CpuTimer2Regs

00000ce0      33 (00000cc0)     _PieCtrlRegs

00000d00      34 (00000d00)     _EmuKey
00000d00      34 (00000d00)     _PieVectTable
00000d01      34 (00000d00)     _EmuBMode
00000d02      34 (00000d00)     _Flash_CallbackPtr
00000d04      34 (00000d00)     _Flash_CPUScaleFactor

00006400     190 (00006400)     _Comp1Regs
00006420     190 (00006400)     _Comp2Regs

00006800     1a0 (00006800)     _EPwm1Regs

00006840     1a1 (00006840)     _EPwm2Regs

00006880     1a2 (00006880)     _EPwm3Regs

000068c0     1a3 (000068c0)     _EPwm4Regs

00006a00     1a8 (00006a00)     _ECap1Regs

00006f80     1be (00006f80)     _GpioCtrlRegs

00006fc0     1bf (00006fc0)     _GpioDataRegs
00006fe0     1bf (00006fc0)     _GpioIntRegs

00007010     1c0 (00007000)     _SysCtrlRegs

00007040     1c1 (00007040)     _SpiaRegs
00007050     1c1 (00007040)     _SciaRegs
00007060     1c1 (00007040)     _NmiIntruptRegs
00007070     1c1 (00007040)     _XIntruptRegs

00007100     1c4 (00007100)     _AdcRegs

00007900     1e4 (00007900)     _I2caRegs

00008900     224 (00008900)     _PieVectTableInit

00008a72     229 (00008a40)     __unlock
00008a74     229 (00008a40)     __lock
00008a76     229 (00008a40)     ___TI_cleanup_ptr
00008a78     229 (00008a40)     ___TI_dtors_ptr

00008a80     22a (00008a80)     _LedsState
00008a81     22a (00008a80)     _TestPrm
00008a82     22a (00008a80)     _LoopCount
00008a84     22a (00008a80)     _ParametersTabele

00008ac0     22b (00008ac0)     _UartBuffer

00008b00     22c (00008b00)     _CpuTimer1
00008b08     22c (00008b00)     _CpuTimer2
00008b10     22c (00008b00)     _CpuTimer0

003d7fff    f5ff (003d7fc0)     _PartIdRegs

003f7ff8    fdff (003f7fc0)     _CsmPwl


GLOBAL SYMBOLS: SORTED ALPHABETICALLY BY Name 

address    name
--------   ----
00008000   .text
000083e3   C$$EXIT
000082b6   FS$$MPY
00008354   FS$$TOL
0000818e   _ADCINT1_ISR
00008193   _ADCINT2_ISR
000081fc   _ADCINT3_ISR
00008201   _ADCINT4_ISR
00008206   _ADCINT5_ISR
0000820b   _ADCINT6_ISR
00008210   _ADCINT7_ISR
00008215   _ADCINT8_ISR
000081a2   _ADCINT9_ISR
00007100   _AdcRegs
00000b00   _AdcResult
00006400   _Comp1Regs
00006420   _Comp2Regs
00008b10   _CpuTimer0
00000c00   _CpuTimer0Regs
00008b00   _CpuTimer1
00000c08   _CpuTimer1Regs
00008b08   _CpuTimer2
00000c10   _CpuTimer2Regs
003f7ff8   _CsmPwl
00000ae0   _CsmRegs
000080b2   _CsmUnlock
00008139   _DATALOG_ISR
00000074   _DSP28x_usDelay
00000880   _DevEmuRegs
00008024   _DisableDog
000081d9   _ECAP1_INT_ISR
00006a00   _ECap1Regs
0000821f   _EMPTY_ISR
00008143   _EMUINT_ISR
000081c5   _EPWM1_INT_ISR
000081b1   _EPWM1_TZINT_ISR
000081ca   _EPWM2_INT_ISR
000081b6   _EPWM2_TZINT_ISR
000081cf   _EPWM3_INT_ISR
000081bb   _EPWM3_TZINT_ISR
000081d4   _EPWM4_INT_ISR
000081c0   _EPWM4_TZINT_ISR
00006800   _EPwm1Regs
00006840   _EPwm2Regs
00006880   _EPwm3Regs
000068c0   _EPwm4Regs
00000d01   _EmuBMode
00000d00   _EmuKey
0000839c   _EnableInterrupts
00008119   _ExtOscSel
00000a80   _FlashRegs
00000d04   _Flash_CPUScaleFactor
00000d02   _Flash_CallbackPtr
00006f80   _GpioCtrlRegs
00006fc0   _GpioDataRegs
00006fe0   _GpioIntRegs
000081e8   _I2CINT1A_ISR
000081ed   _I2CINT2A_ISR
00007900   _I2caRegs
0000814d   _ILLEGAL_ISR
0000812f   _INT13_ISR
00008134   _INT14_ISR
00008080   _InitPeripheralClocks
0000837d   _InitPieCtrl
000083a5   _InitPieVectTable
0000802c   _InitPll
00008000   _InitSysCtrl
000080e3   _IntOsc1Sel
000080f3   _IntOsc2Sel
00008a80   _LedsState
00008a82   _LoopCount
00008148   _NMI_ISR
00007060   _NmiIntruptRegs
00008224   _PIE_RESERVED
00008a84   _ParametersTabele
003d7fff   _PartIdRegs
00000ce0   _PieCtrlRegs
00000d00   _PieVectTable
00008900   _PieVectTableInit
0000813e   _RTOSINT_ISR
000081f2   _SCIRXINTA_ISR
000081f7   _SCITXINTA_ISR
000081de   _SPIRXINTA_ISR
000081e3   _SPITXINTA_ISR
00007050   _SciaRegs
0000801a   _ServiceDog
00007040   _SpiaRegs
00007010   _SysCtrlRegs
00000985   _SysPwrCtrlRegs
000081a7   _TINT0_ISR
00008a81   _TestPrm
0000817f   _USER10_ISR
00008184   _USER11_ISR
00008189   _USER12_ISR
00008152   _USER1_ISR
00008157   _USER2_ISR
0000815c   _USER3_ISR
00008161   _USER4_ISR
00008166   _USER5_ISR
0000816b   _USER6_ISR
00008170   _USER7_ISR
00008175   _USER8_ISR
0000817a   _USER9_ISR
00008ac0   _UartBuffer
000081ac   _WAKEINT_ISR
00008198   _XINT1_ISR
0000819d   _XINT2_ISR
0000821a   _XINT3_ISR
00007070   _XIntruptRegs
00008105   _XtalOscSel
00000700   __STACK_END
00000300   __STACK_SIZE
00000001   __TI_args_main
00008a76   ___TI_cleanup_ptr
00008a78   ___TI_dtors_ptr
ffffffff   ___binit__
ffffffff   ___c_args__
00000050   ___cinit__
0000840d   ___etext__
ffffffff   ___pinit__
00008000   ___text__
000083ca   __args_main
00008a74   __lock
00008404   __nop
00008400   __register_lock
000083fc   __register_unlock
00000400   __stack
00008a72   __unlock
000083e3   _abort
00008310   _c_int00
000083e5   _exit
0000822e   _main
00008229   _rsvd_ISR
0000826c   _scia_echoback_init
00008295   _scia_fifo_init
000082a0   _scia_init_gpio
00008288   _scia_msg
0000827c   _scia_xmit
ffffffff   binit
00000050   cinit
00000000   code_start
0000840d   etext
ffffffff   pinit


GLOBAL SYMBOLS: SORTED BY Symbol Address 

address    name
--------   ----
00000000   code_start
00000001   __TI_args_main
00000050   ___cinit__
00000050   cinit
00000074   _DSP28x_usDelay
00000300   __STACK_SIZE
00000400   __stack
00000700   __STACK_END
00000880   _DevEmuRegs
00000985   _SysPwrCtrlRegs
00000a80   _FlashRegs
00000ae0   _CsmRegs
00000b00   _AdcResult
00000c00   _CpuTimer0Regs
00000c08   _CpuTimer1Regs
00000c10   _CpuTimer2Regs
00000ce0   _PieCtrlRegs
00000d00   _EmuKey
00000d00   _PieVectTable
00000d01   _EmuBMode
00000d02   _Flash_CallbackPtr
00000d04   _Flash_CPUScaleFactor
00006400   _Comp1Regs
00006420   _Comp2Regs
00006800   _EPwm1Regs
00006840   _EPwm2Regs
00006880   _EPwm3Regs
000068c0   _EPwm4Regs
00006a00   _ECap1Regs
00006f80   _GpioCtrlRegs
00006fc0   _GpioDataRegs
00006fe0   _GpioIntRegs
00007010   _SysCtrlRegs
00007040   _SpiaRegs
00007050   _SciaRegs
00007060   _NmiIntruptRegs
00007070   _XIntruptRegs
00007100   _AdcRegs
00007900   _I2caRegs
00008000   .text
00008000   _InitSysCtrl
00008000   ___text__
0000801a   _ServiceDog
00008024   _DisableDog
0000802c   _InitPll
00008080   _InitPeripheralClocks
000080b2   _CsmUnlock
000080e3   _IntOsc1Sel
000080f3   _IntOsc2Sel
00008105   _XtalOscSel
00008119   _ExtOscSel
0000812f   _INT13_ISR
00008134   _INT14_ISR
00008139   _DATALOG_ISR
0000813e   _RTOSINT_ISR
00008143   _EMUINT_ISR
00008148   _NMI_ISR
0000814d   _ILLEGAL_ISR
00008152   _USER1_ISR
00008157   _USER2_ISR
0000815c   _USER3_ISR
00008161   _USER4_ISR
00008166   _USER5_ISR
0000816b   _USER6_ISR
00008170   _USER7_ISR
00008175   _USER8_ISR
0000817a   _USER9_ISR
0000817f   _USER10_ISR
00008184   _USER11_ISR
00008189   _USER12_ISR
0000818e   _ADCINT1_ISR
00008193   _ADCINT2_ISR
00008198   _XINT1_ISR
0000819d   _XINT2_ISR
000081a2   _ADCINT9_ISR
000081a7   _TINT0_ISR
000081ac   _WAKEINT_ISR
000081b1   _EPWM1_TZINT_ISR
000081b6   _EPWM2_TZINT_ISR
000081bb   _EPWM3_TZINT_ISR
000081c0   _EPWM4_TZINT_ISR
000081c5   _EPWM1_INT_ISR
000081ca   _EPWM2_INT_ISR
000081cf   _EPWM3_INT_ISR
000081d4   _EPWM4_INT_ISR
000081d9   _ECAP1_INT_ISR
000081de   _SPIRXINTA_ISR
000081e3   _SPITXINTA_ISR
000081e8   _I2CINT1A_ISR
000081ed   _I2CINT2A_ISR
000081f2   _SCIRXINTA_ISR
000081f7   _SCITXINTA_ISR
000081fc   _ADCINT3_ISR
00008201   _ADCINT4_ISR
00008206   _ADCINT5_ISR
0000820b   _ADCINT6_ISR
00008210   _ADCINT7_ISR
00008215   _ADCINT8_ISR
0000821a   _XINT3_ISR
0000821f   _EMPTY_ISR
00008224   _PIE_RESERVED
00008229   _rsvd_ISR
0000822e   _main
0000826c   _scia_echoback_init
0000827c   _scia_xmit
00008288   _scia_msg
00008295   _scia_fifo_init
000082a0   _scia_init_gpio
000082b6   FS$$MPY
00008310   _c_int00
00008354   FS$$TOL
0000837d   _InitPieCtrl
0000839c   _EnableInterrupts
000083a5   _InitPieVectTable
000083ca   __args_main
000083e3   C$$EXIT
000083e3   _abort
000083e5   _exit
000083fc   __register_unlock
00008400   __register_lock
00008404   __nop
0000840d   ___etext__
0000840d   etext
00008900   _PieVectTableInit
00008a72   __unlock
00008a74   __lock
00008a76   ___TI_cleanup_ptr
00008a78   ___TI_dtors_ptr
00008a80   _LedsState
00008a81   _TestPrm
00008a82   _LoopCount
00008a84   _ParametersTabele
00008ac0   _UartBuffer
00008b00   _CpuTimer1
00008b08   _CpuTimer2
00008b10   _CpuTimer0
003d7fff   _PartIdRegs
003f7ff8   _CsmPwl
ffffffff   ___binit__
ffffffff   ___c_args__
ffffffff   ___pinit__
ffffffff   binit
ffffffff   pinit

[143 symbols]
